#0 building with "default" instance using docker driver

#1 [internal] load build definition from Dockerfile
#1 transferring dockerfile: 3.07kB done
#1 DONE 0.0s

#2 resolve image config for docker-image://docker.io/docker/dockerfile:1
#2 DONE 1.9s

#3 docker-image://docker.io/docker/dockerfile:1@sha256:ecfaec9ed6d810b56388c508f4121597bfbba70d41a6dfeee4d8cad5f295fc32
#3 resolve docker.io/docker/dockerfile:1@sha256:ecfaec9ed6d810b56388c508f4121597bfbba70d41a6dfeee4d8cad5f295fc32 done
#3 sha256:9f624ef51ad55db0ea52d755cc777566386156106fbb4f465eecb22c67ac55ed 0B / 14.14MB 0.2s
#3 sha256:9f624ef51ad55db0ea52d755cc777566386156106fbb4f465eecb22c67ac55ed 1.05MB / 14.14MB 0.9s
#3 sha256:9f624ef51ad55db0ea52d755cc777566386156106fbb4f465eecb22c67ac55ed 2.10MB / 14.14MB 1.1s
#3 sha256:9f624ef51ad55db0ea52d755cc777566386156106fbb4f465eecb22c67ac55ed 4.19MB / 14.14MB 1.2s
#3 sha256:9f624ef51ad55db0ea52d755cc777566386156106fbb4f465eecb22c67ac55ed 5.24MB / 14.14MB 1.4s
#3 sha256:9f624ef51ad55db0ea52d755cc777566386156106fbb4f465eecb22c67ac55ed 6.29MB / 14.14MB 1.5s
#3 sha256:9f624ef51ad55db0ea52d755cc777566386156106fbb4f465eecb22c67ac55ed 7.34MB / 14.14MB 2.1s
#3 sha256:9f624ef51ad55db0ea52d755cc777566386156106fbb4f465eecb22c67ac55ed 10.49MB / 14.14MB 2.3s
#3 sha256:9f624ef51ad55db0ea52d755cc777566386156106fbb4f465eecb22c67ac55ed 11.53MB / 14.14MB 3.0s
#3 sha256:9f624ef51ad55db0ea52d755cc777566386156106fbb4f465eecb22c67ac55ed 14.14MB / 14.14MB 3.0s done
#3 extracting sha256:9f624ef51ad55db0ea52d755cc777566386156106fbb4f465eecb22c67ac55ed 0.1s done
#3 DONE 3.1s

#4 [internal] load metadata for docker.io/nvidia/cuda:12.8.1-runtime-ubuntu24.04
#4 ...

#5 [auth] astral-sh/uv:pull token for ghcr.io
#5 DONE 0.0s

#6 [internal] load metadata for ghcr.io/astral-sh/uv:0.9.15
#6 DONE 1.8s

#4 [internal] load metadata for docker.io/nvidia/cuda:12.8.1-runtime-ubuntu24.04
#4 DONE 2.6s

#7 [internal] load .dockerignore
#7 transferring context: 2B done
#7 DONE 0.0s

#8 [uv 1/1] FROM ghcr.io/astral-sh/uv:0.9.15@sha256:4c1ad814fe658851f50ff95ecd6948673fffddb0d7994bdb019dcb58227abd52
#8 resolve ghcr.io/astral-sh/uv:0.9.15@sha256:4c1ad814fe658851f50ff95ecd6948673fffddb0d7994bdb019dcb58227abd52 0.0s done
#8 DONE 0.1s

#9 [internal] load build context
#9 transferring context: 16.16MB 0.0s done
#9 DONE 0.1s

#10 [base  1/12] FROM docker.io/nvidia/cuda:12.8.1-runtime-ubuntu24.04@sha256:ebef3c171eeef0298e4eb2e4be843105edf3b8b0ac45e0b43acee358e8046867
#10 resolve docker.io/nvidia/cuda:12.8.1-runtime-ubuntu24.04@sha256:ebef3c171eeef0298e4eb2e4be843105edf3b8b0ac45e0b43acee358e8046867 0.0s done
#10 DONE 0.1s

#10 [base  1/12] FROM docker.io/nvidia/cuda:12.8.1-runtime-ubuntu24.04@sha256:ebef3c171eeef0298e4eb2e4be843105edf3b8b0ac45e0b43acee358e8046867
#10 sha256:7209097bfb98d6f8b422984480f1fddead5ea62f8900ff6b6548e060b71aca76 0B / 1.68kB 0.2s
#10 sha256:545a3ada5b6bc612a11c13a659775d67eeda5a61615e7f49c76ecd24adcad626 0B / 1.52kB 0.2s
#10 sha256:3d6ab8c799cda2f4c6a6277b0e24dd2231c5de83b0316968b7cce81156bb8be0 0B / 59.62kB 0.2s
#10 sha256:cbb9175a9bc5f6553f8c0c5025ea9521898b8a3956ee24798dc35c24c6185053 0B / 2.06GB 0.2s
#10 sha256:7209097bfb98d6f8b422984480f1fddead5ea62f8900ff6b6548e060b71aca76 1.68kB / 1.68kB 0.5s done
#10 sha256:73389fbd088f5ed5d9fd258baced59de092978b4f483920ea6d074522a105119 0B / 6.88kB 0.2s
#10 sha256:545a3ada5b6bc612a11c13a659775d67eeda5a61615e7f49c76ecd24adcad626 1.52kB / 1.52kB 1.6s done
#10 sha256:398182656c471d6ecca3c2d6d30e97193b40ffc8028a94515093960322f3d64e 0B / 183B 0.2s
#10 sha256:3d6ab8c799cda2f4c6a6277b0e24dd2231c5de83b0316968b7cce81156bb8be0 59.62kB / 59.62kB 2.3s done
#10 sha256:73389fbd088f5ed5d9fd258baced59de092978b4f483920ea6d074522a105119 6.88kB / 6.88kB 2.1s done
#10 sha256:05ec76e31584ec109785cc7045bd88df0240411233c2fcdad66b621c662034c0 0B / 64.29MB 0.2s
#10 sha256:a102f36d092c0e9e0bef8c97854f606af9156aa36ab408e6fa4b88e27124a7e6 0B / 6.95MB 0.2s
#10 sha256:398182656c471d6ecca3c2d6d30e97193b40ffc8028a94515093960322f3d64e 183B / 183B 2.6s done
#10 sha256:5a7813e071bfadf18aaa6ca8318be4824a9b6297b3240f2cc84c1db6f4113040 0B / 29.75MB 0.2s
#10 sha256:cbb9175a9bc5f6553f8c0c5025ea9521898b8a3956ee24798dc35c24c6185053 2.10MB / 2.06GB 5.3s
#10 sha256:a102f36d092c0e9e0bef8c97854f606af9156aa36ab408e6fa4b88e27124a7e6 1.05MB / 6.95MB 2.7s
#10 sha256:a102f36d092c0e9e0bef8c97854f606af9156aa36ab408e6fa4b88e27124a7e6 2.10MB / 6.95MB 3.2s
#10 sha256:a102f36d092c0e9e0bef8c97854f606af9156aa36ab408e6fa4b88e27124a7e6 3.15MB / 6.95MB 3.5s
#10 sha256:a102f36d092c0e9e0bef8c97854f606af9156aa36ab408e6fa4b88e27124a7e6 4.19MB / 6.95MB 3.9s
#10 sha256:a102f36d092c0e9e0bef8c97854f606af9156aa36ab408e6fa4b88e27124a7e6 5.24MB / 6.95MB 4.8s
#10 sha256:05ec76e31584ec109785cc7045bd88df0240411233c2fcdad66b621c662034c0 1.05MB / 64.29MB 5.3s
#10 sha256:a102f36d092c0e9e0bef8c97854f606af9156aa36ab408e6fa4b88e27124a7e6 6.95MB / 6.95MB 5.2s done
#10 sha256:5a7813e071bfadf18aaa6ca8318be4824a9b6297b3240f2cc84c1db6f4113040 0B / 29.75MB 5.3s
#10 sha256:cbb9175a9bc5f6553f8c0c5025ea9521898b8a3956ee24798dc35c24c6185053 6.29MB / 2.06GB 10.4s
#10 sha256:05ec76e31584ec109785cc7045bd88df0240411233c2fcdad66b621c662034c0 5.24MB / 64.29MB 10.2s
#10 sha256:5a7813e071bfadf18aaa6ca8318be4824a9b6297b3240f2cc84c1db6f4113040 1.05MB / 29.75MB 10.4s
#10 sha256:cbb9175a9bc5f6553f8c0c5025ea9521898b8a3956ee24798dc35c24c6185053 9.44MB / 2.06GB 15.5s
#10 sha256:05ec76e31584ec109785cc7045bd88df0240411233c2fcdad66b621c662034c0 6.29MB / 64.29MB 15.3s
#10 sha256:5a7813e071bfadf18aaa6ca8318be4824a9b6297b3240f2cc84c1db6f4113040 2.10MB / 29.75MB 15.5s
#10 sha256:cbb9175a9bc5f6553f8c0c5025ea9521898b8a3956ee24798dc35c24c6185053 11.53MB / 2.06GB 20.6s
#10 sha256:05ec76e31584ec109785cc7045bd88df0240411233c2fcdad66b621c662034c0 8.39MB / 64.29MB 20.4s
#10 sha256:5a7813e071bfadf18aaa6ca8318be4824a9b6297b3240f2cc84c1db6f4113040 3.15MB / 29.75MB 20.6s
#10 sha256:cbb9175a9bc5f6553f8c0c5025ea9521898b8a3956ee24798dc35c24c6185053 13.63MB / 2.06GB 25.7s
#10 sha256:05ec76e31584ec109785cc7045bd88df0240411233c2fcdad66b621c662034c0 10.49MB / 64.29MB 25.5s
#10 sha256:5a7813e071bfadf18aaa6ca8318be4824a9b6297b3240f2cc84c1db6f4113040 5.24MB / 29.75MB 24.0s
#10 sha256:cbb9175a9bc5f6553f8c0c5025ea9521898b8a3956ee24798dc35c24c6185053 14.68MB / 2.06GB 30.8s
#10 sha256:05ec76e31584ec109785cc7045bd88df0240411233c2fcdad66b621c662034c0 12.58MB / 64.29MB 30.6s
#10 sha256:5a7813e071bfadf18aaa6ca8318be4824a9b6297b3240f2cc84c1db6f4113040 6.29MB / 29.75MB 29.1s
#10 sha256:cbb9175a9bc5f6553f8c0c5025ea9521898b8a3956ee24798dc35c24c6185053 16.78MB / 2.06GB 35.9s
#10 sha256:5a7813e071bfadf18aaa6ca8318be4824a9b6297b3240f2cc84c1db6f4113040 8.39MB / 29.75MB 32.9s
#10 sha256:05ec76e31584ec109785cc7045bd88df0240411233c2fcdad66b621c662034c0 13.63MB / 64.29MB 35.7s
#10 sha256:cbb9175a9bc5f6553f8c0c5025ea9521898b8a3956ee24798dc35c24c6185053 18.87MB / 2.06GB 41.0s
#10 sha256:5a7813e071bfadf18aaa6ca8318be4824a9b6297b3240f2cc84c1db6f4113040 9.44MB / 29.75MB 38.0s
#10 sha256:05ec76e31584ec109785cc7045bd88df0240411233c2fcdad66b621c662034c0 15.73MB / 64.29MB 40.8s
#10 sha256:5a7813e071bfadf18aaa6ca8318be4824a9b6297b3240f2cc84c1db6f4113040 11.53MB / 29.75MB 41.4s
#10 sha256:cbb9175a9bc5f6553f8c0c5025ea9521898b8a3956ee24798dc35c24c6185053 20.97MB / 2.06GB 46.1s
#10 sha256:05ec76e31584ec109785cc7045bd88df0240411233c2fcdad66b621c662034c0 17.83MB / 64.29MB 45.9s
#10 sha256:5a7813e071bfadf18aaa6ca8318be4824a9b6297b3240f2cc84c1db6f4113040 12.58MB / 29.75MB 46.5s
#10 sha256:cbb9175a9bc5f6553f8c0c5025ea9521898b8a3956ee24798dc35c24c6185053 23.07MB / 2.06GB 51.2s
#10 sha256:05ec76e31584ec109785cc7045bd88df0240411233c2fcdad66b621c662034c0 19.92MB / 64.29MB 51.0s
#10 sha256:5a7813e071bfadf18aaa6ca8318be4824a9b6297b3240f2cc84c1db6f4113040 14.68MB / 29.75MB 50.4s
#10 sha256:cbb9175a9bc5f6553f8c0c5025ea9521898b8a3956ee24798dc35c24c6185053 25.17MB / 2.06GB 56.3s
#10 sha256:05ec76e31584ec109785cc7045bd88df0240411233c2fcdad66b621c662034c0 22.02MB / 64.29MB 56.1s
#10 sha256:5a7813e071bfadf18aaa6ca8318be4824a9b6297b3240f2cc84c1db6f4113040 15.73MB / 29.75MB 55.5s
#10 sha256:cbb9175a9bc5f6553f8c0c5025ea9521898b8a3956ee24798dc35c24c6185053 26.21MB / 2.06GB 61.4s
#10 sha256:5a7813e071bfadf18aaa6ca8318be4824a9b6297b3240f2cc84c1db6f4113040 17.83MB / 29.75MB 58.7s
#10 sha256:05ec76e31584ec109785cc7045bd88df0240411233c2fcdad66b621c662034c0 24.12MB / 64.29MB 61.2s
#10 sha256:cbb9175a9bc5f6553f8c0c5025ea9521898b8a3956ee24798dc35c24c6185053 28.31MB / 2.06GB 66.5s
#10 sha256:5a7813e071bfadf18aaa6ca8318be4824a9b6297b3240f2cc84c1db6f4113040 18.87MB / 29.75MB 63.8s
#10 sha256:05ec76e31584ec109785cc7045bd88df0240411233c2fcdad66b621c662034c0 26.21MB / 64.29MB 66.3s
#10 sha256:cbb9175a9bc5f6553f8c0c5025ea9521898b8a3956ee24798dc35c24c6185053 30.41MB / 2.06GB 71.6s
#10 sha256:5a7813e071bfadf18aaa6ca8318be4824a9b6297b3240f2cc84c1db6f4113040 20.97MB / 29.75MB 67.8s
#10 sha256:05ec76e31584ec109785cc7045bd88df0240411233c2fcdad66b621c662034c0 28.31MB / 64.29MB 71.4s
#10 sha256:cbb9175a9bc5f6553f8c0c5025ea9521898b8a3956ee24798dc35c24c6185053 32.51MB / 2.06GB 76.7s
#10 sha256:5a7813e071bfadf18aaa6ca8318be4824a9b6297b3240f2cc84c1db6f4113040 23.07MB / 29.75MB 72.9s
#10 sha256:05ec76e31584ec109785cc7045bd88df0240411233c2fcdad66b621c662034c0 29.36MB / 64.29MB 76.5s
#10 sha256:cbb9175a9bc5f6553f8c0c5025ea9521898b8a3956ee24798dc35c24c6185053 33.55MB / 2.06GB 81.8s
#10 sha256:5a7813e071bfadf18aaa6ca8318be4824a9b6297b3240f2cc84c1db6f4113040 24.12MB / 29.75MB 78.0s
#10 sha256:05ec76e31584ec109785cc7045bd88df0240411233c2fcdad66b621c662034c0 31.46MB / 64.29MB 81.6s
#10 sha256:5a7813e071bfadf18aaa6ca8318be4824a9b6297b3240f2cc84c1db6f4113040 26.21MB / 29.75MB 81.3s
#10 sha256:cbb9175a9bc5f6553f8c0c5025ea9521898b8a3956ee24798dc35c24c6185053 35.65MB / 2.06GB 86.9s
#10 sha256:05ec76e31584ec109785cc7045bd88df0240411233c2fcdad66b621c662034c0 33.55MB / 64.29MB 86.7s
#10 sha256:5a7813e071bfadf18aaa6ca8318be4824a9b6297b3240f2cc84c1db6f4113040 27.26MB / 29.75MB 86.4s
#10 sha256:cbb9175a9bc5f6553f8c0c5025ea9521898b8a3956ee24798dc35c24c6185053 37.75MB / 2.06GB 92.0s
#10 sha256:05ec76e31584ec109785cc7045bd88df0240411233c2fcdad66b621c662034c0 35.65MB / 64.29MB 91.8s
#10 sha256:5a7813e071bfadf18aaa6ca8318be4824a9b6297b3240f2cc84c1db6f4113040 29.36MB / 29.75MB 90.3s
#10 sha256:5a7813e071bfadf18aaa6ca8318be4824a9b6297b3240f2cc84c1db6f4113040 29.75MB / 29.75MB 91.2s done
#10 extracting sha256:5a7813e071bfadf18aaa6ca8318be4824a9b6297b3240f2cc84c1db6f4113040
#10 extracting sha256:5a7813e071bfadf18aaa6ca8318be4824a9b6297b3240f2cc84c1db6f4113040 0.2s done
#10 extracting sha256:a102f36d092c0e9e0bef8c97854f606af9156aa36ab408e6fa4b88e27124a7e6 0.1s done
#10 sha256:cbb9175a9bc5f6553f8c0c5025ea9521898b8a3956ee24798dc35c24c6185053 39.85MB / 2.06GB 97.1s
#10 sha256:05ec76e31584ec109785cc7045bd88df0240411233c2fcdad66b621c662034c0 37.75MB / 64.29MB 96.9s
#10 sha256:cbb9175a9bc5f6553f8c0c5025ea9521898b8a3956ee24798dc35c24c6185053 40.89MB / 2.06GB 102.2s
#10 sha256:05ec76e31584ec109785cc7045bd88df0240411233c2fcdad66b621c662034c0 39.85MB / 64.29MB 102.0s
#10 sha256:cbb9175a9bc5f6553f8c0c5025ea9521898b8a3956ee24798dc35c24c6185053 42.99MB / 2.06GB 107.3s
#10 sha256:05ec76e31584ec109785cc7045bd88df0240411233c2fcdad66b621c662034c0 41.94MB / 64.29MB 107.1s
#10 sha256:cbb9175a9bc5f6553f8c0c5025ea9521898b8a3956ee24798dc35c24c6185053 45.09MB / 2.06GB 112.4s
#10 sha256:05ec76e31584ec109785cc7045bd88df0240411233c2fcdad66b621c662034c0 42.99MB / 64.29MB 112.2s
#10 sha256:cbb9175a9bc5f6553f8c0c5025ea9521898b8a3956ee24798dc35c24c6185053 47.19MB / 2.06GB 117.5s
#10 sha256:05ec76e31584ec109785cc7045bd88df0240411233c2fcdad66b621c662034c0 45.09MB / 64.29MB 117.3s
#10 sha256:cbb9175a9bc5f6553f8c0c5025ea9521898b8a3956ee24798dc35c24c6185053 49.28MB / 2.06GB 122.6s
#10 sha256:05ec76e31584ec109785cc7045bd88df0240411233c2fcdad66b621c662034c0 47.19MB / 64.29MB 122.4s
#10 sha256:cbb9175a9bc5f6553f8c0c5025ea9521898b8a3956ee24798dc35c24c6185053 51.38MB / 2.06GB 127.7s
#10 sha256:05ec76e31584ec109785cc7045bd88df0240411233c2fcdad66b621c662034c0 49.28MB / 64.29MB 127.5s
#10 sha256:cbb9175a9bc5f6553f8c0c5025ea9521898b8a3956ee24798dc35c24c6185053 52.43MB / 2.06GB 132.8s
#10 sha256:05ec76e31584ec109785cc7045bd88df0240411233c2fcdad66b621c662034c0 50.33MB / 64.29MB 132.6s
#10 sha256:cbb9175a9bc5f6553f8c0c5025ea9521898b8a3956ee24798dc35c24c6185053 54.53MB / 2.06GB 137.9s
#10 sha256:05ec76e31584ec109785cc7045bd88df0240411233c2fcdad66b621c662034c0 52.43MB / 64.29MB 137.7s
#10 sha256:cbb9175a9bc5f6553f8c0c5025ea9521898b8a3956ee24798dc35c24c6185053 56.62MB / 2.06GB 143.0s
#10 sha256:05ec76e31584ec109785cc7045bd88df0240411233c2fcdad66b621c662034c0 54.53MB / 64.29MB 142.8s
#10 sha256:cbb9175a9bc5f6553f8c0c5025ea9521898b8a3956ee24798dc35c24c6185053 58.72MB / 2.06GB 148.1s
#10 sha256:05ec76e31584ec109785cc7045bd88df0240411233c2fcdad66b621c662034c0 56.62MB / 64.29MB 147.9s
#10 sha256:cbb9175a9bc5f6553f8c0c5025ea9521898b8a3956ee24798dc35c24c6185053 60.82MB / 2.06GB 153.2s
#10 sha256:05ec76e31584ec109785cc7045bd88df0240411233c2fcdad66b621c662034c0 58.72MB / 64.29MB 153.0s
#10 sha256:cbb9175a9bc5f6553f8c0c5025ea9521898b8a3956ee24798dc35c24c6185053 62.91MB / 2.06GB 158.3s
#10 sha256:05ec76e31584ec109785cc7045bd88df0240411233c2fcdad66b621c662034c0 59.77MB / 64.29MB 158.1s
#10 sha256:cbb9175a9bc5f6553f8c0c5025ea9521898b8a3956ee24798dc35c24c6185053 63.96MB / 2.06GB 163.4s
#10 sha256:05ec76e31584ec109785cc7045bd88df0240411233c2fcdad66b621c662034c0 61.87MB / 64.29MB 163.2s
#10 sha256:cbb9175a9bc5f6553f8c0c5025ea9521898b8a3956ee24798dc35c24c6185053 66.06MB / 2.06GB 168.5s
#10 sha256:05ec76e31584ec109785cc7045bd88df0240411233c2fcdad66b621c662034c0 64.29MB / 64.29MB 167.8s done
#10 extracting sha256:05ec76e31584ec109785cc7045bd88df0240411233c2fcdad66b621c662034c0
#10 extracting sha256:05ec76e31584ec109785cc7045bd88df0240411233c2fcdad66b621c662034c0 0.4s done
#10 extracting sha256:398182656c471d6ecca3c2d6d30e97193b40ffc8028a94515093960322f3d64e done
#10 extracting sha256:73389fbd088f5ed5d9fd258baced59de092978b4f483920ea6d074522a105119 done
#10 sha256:cbb9175a9bc5f6553f8c0c5025ea9521898b8a3956ee24798dc35c24c6185053 68.16MB / 2.06GB 173.6s
#10 sha256:cbb9175a9bc5f6553f8c0c5025ea9521898b8a3956ee24798dc35c24c6185053 70.25MB / 2.06GB 178.7s
#10 sha256:cbb9175a9bc5f6553f8c0c5025ea9521898b8a3956ee24798dc35c24c6185053 71.30MB / 2.06GB 183.8s
#10 sha256:cbb9175a9bc5f6553f8c0c5025ea9521898b8a3956ee24798dc35c24c6185053 72.35MB / 2.06GB 188.9s
#10 sha256:cbb9175a9bc5f6553f8c0c5025ea9521898b8a3956ee24798dc35c24c6185053 75.50MB / 2.06GB 194.0s
#10 sha256:cbb9175a9bc5f6553f8c0c5025ea9521898b8a3956ee24798dc35c24c6185053 77.59MB / 2.06GB 199.1s
#10 sha256:cbb9175a9bc5f6553f8c0c5025ea9521898b8a3956ee24798dc35c24c6185053 79.69MB / 2.06GB 204.2s
#10 sha256:cbb9175a9bc5f6553f8c0c5025ea9521898b8a3956ee24798dc35c24c6185053 81.79MB / 2.06GB 209.3s
#10 sha256:cbb9175a9bc5f6553f8c0c5025ea9521898b8a3956ee24798dc35c24c6185053 83.89MB / 2.06GB 214.4s
#10 sha256:cbb9175a9bc5f6553f8c0c5025ea9521898b8a3956ee24798dc35c24c6185053 85.98MB / 2.06GB 219.5s
#10 sha256:cbb9175a9bc5f6553f8c0c5025ea9521898b8a3956ee24798dc35c24c6185053 88.08MB / 2.06GB 224.6s
#10 sha256:cbb9175a9bc5f6553f8c0c5025ea9521898b8a3956ee24798dc35c24c6185053 90.18MB / 2.06GB 229.7s
#10 sha256:cbb9175a9bc5f6553f8c0c5025ea9521898b8a3956ee24798dc35c24c6185053 91.23MB / 2.06GB 234.8s
#10 sha256:cbb9175a9bc5f6553f8c0c5025ea9521898b8a3956ee24798dc35c24c6185053 93.32MB / 2.06GB 239.9s
#10 sha256:cbb9175a9bc5f6553f8c0c5025ea9521898b8a3956ee24798dc35c24c6185053 95.42MB / 2.06GB 245.0s
#10 sha256:cbb9175a9bc5f6553f8c0c5025ea9521898b8a3956ee24798dc35c24c6185053 97.52MB / 2.06GB 250.1s
#10 sha256:cbb9175a9bc5f6553f8c0c5025ea9521898b8a3956ee24798dc35c24c6185053 99.61MB / 2.06GB 255.2s
#10 sha256:cbb9175a9bc5f6553f8c0c5025ea9521898b8a3956ee24798dc35c24c6185053 101.71MB / 2.06GB 260.3s
#10 sha256:cbb9175a9bc5f6553f8c0c5025ea9521898b8a3956ee24798dc35c24c6185053 103.81MB / 2.06GB 265.4s
#10 sha256:cbb9175a9bc5f6553f8c0c5025ea9521898b8a3956ee24798dc35c24c6185053 105.91MB / 2.06GB 270.5s
#10 sha256:cbb9175a9bc5f6553f8c0c5025ea9521898b8a3956ee24798dc35c24c6185053 106.95MB / 2.06GB 275.6s
#10 sha256:cbb9175a9bc5f6553f8c0c5025ea9521898b8a3956ee24798dc35c24c6185053 109.05MB / 2.06GB 280.7s
#10 sha256:cbb9175a9bc5f6553f8c0c5025ea9521898b8a3956ee24798dc35c24c6185053 111.15MB / 2.06GB 285.8s
#10 sha256:cbb9175a9bc5f6553f8c0c5025ea9521898b8a3956ee24798dc35c24c6185053 113.25MB / 2.06GB 290.9s
#10 sha256:cbb9175a9bc5f6553f8c0c5025ea9521898b8a3956ee24798dc35c24c6185053 114.29MB / 2.06GB 296.0s
#10 sha256:cbb9175a9bc5f6553f8c0c5025ea9521898b8a3956ee24798dc35c24c6185053 116.39MB / 2.06GB 301.1s
#10 sha256:cbb9175a9bc5f6553f8c0c5025ea9521898b8a3956ee24798dc35c24c6185053 117.44MB / 2.06GB 306.2s
#10 sha256:cbb9175a9bc5f6553f8c0c5025ea9521898b8a3956ee24798dc35c24c6185053 120.59MB / 2.06GB 311.3s
#10 sha256:cbb9175a9bc5f6553f8c0c5025ea9521898b8a3956ee24798dc35c24c6185053 122.68MB / 2.06GB 316.4s
#10 sha256:cbb9175a9bc5f6553f8c0c5025ea9521898b8a3956ee24798dc35c24c6185053 123.73MB / 2.06GB 321.5s
#10 sha256:cbb9175a9bc5f6553f8c0c5025ea9521898b8a3956ee24798dc35c24c6185053 125.83MB / 2.06GB 326.6s
#10 sha256:cbb9175a9bc5f6553f8c0c5025ea9521898b8a3956ee24798dc35c24c6185053 128.97MB / 2.06GB 331.7s
#10 sha256:cbb9175a9bc5f6553f8c0c5025ea9521898b8a3956ee24798dc35c24c6185053 131.07MB / 2.06GB 336.8s
#10 sha256:cbb9175a9bc5f6553f8c0c5025ea9521898b8a3956ee24798dc35c24c6185053 133.17MB / 2.06GB 341.9s
#10 sha256:cbb9175a9bc5f6553f8c0c5025ea9521898b8a3956ee24798dc35c24c6185053 135.27MB / 2.06GB 347.0s
#10 sha256:cbb9175a9bc5f6553f8c0c5025ea9521898b8a3956ee24798dc35c24c6185053 136.31MB / 2.06GB 352.1s
#10 sha256:cbb9175a9bc5f6553f8c0c5025ea9521898b8a3956ee24798dc35c24c6185053 138.41MB / 2.06GB 357.2s
#10 sha256:cbb9175a9bc5f6553f8c0c5025ea9521898b8a3956ee24798dc35c24c6185053 140.51MB / 2.06GB 362.3s
#10 sha256:cbb9175a9bc5f6553f8c0c5025ea9521898b8a3956ee24798dc35c24c6185053 141.56MB / 2.06GB 367.4s
#10 sha256:cbb9175a9bc5f6553f8c0c5025ea9521898b8a3956ee24798dc35c24c6185053 143.65MB / 2.06GB 372.5s
#10 sha256:cbb9175a9bc5f6553f8c0c5025ea9521898b8a3956ee24798dc35c24c6185053 144.70MB / 2.06GB 377.6s
#10 sha256:cbb9175a9bc5f6553f8c0c5025ea9521898b8a3956ee24798dc35c24c6185053 145.75MB / 2.06GB 382.7s
#10 sha256:cbb9175a9bc5f6553f8c0c5025ea9521898b8a3956ee24798dc35c24c6185053 149.95MB / 2.06GB 387.8s
#10 sha256:cbb9175a9bc5f6553f8c0c5025ea9521898b8a3956ee24798dc35c24c6185053 152.04MB / 2.06GB 392.9s
#10 sha256:cbb9175a9bc5f6553f8c0c5025ea9521898b8a3956ee24798dc35c24c6185053 154.14MB / 2.06GB 398.0s
#10 sha256:cbb9175a9bc5f6553f8c0c5025ea9521898b8a3956ee24798dc35c24c6185053 155.19MB / 2.06GB 403.1s
#10 sha256:cbb9175a9bc5f6553f8c0c5025ea9521898b8a3956ee24798dc35c24c6185053 156.24MB / 2.06GB 408.2s
#10 sha256:cbb9175a9bc5f6553f8c0c5025ea9521898b8a3956ee24798dc35c24c6185053 159.38MB / 2.06GB 413.3s
#10 sha256:cbb9175a9bc5f6553f8c0c5025ea9521898b8a3956ee24798dc35c24c6185053 161.48MB / 2.06GB 418.4s
#10 sha256:cbb9175a9bc5f6553f8c0c5025ea9521898b8a3956ee24798dc35c24c6185053 163.58MB / 2.06GB 423.5s
#10 sha256:cbb9175a9bc5f6553f8c0c5025ea9521898b8a3956ee24798dc35c24c6185053 165.68MB / 2.06GB 428.6s
#10 sha256:cbb9175a9bc5f6553f8c0c5025ea9521898b8a3956ee24798dc35c24c6185053 166.72MB / 2.06GB 433.7s
#10 sha256:cbb9175a9bc5f6553f8c0c5025ea9521898b8a3956ee24798dc35c24c6185053 167.77MB / 2.06GB 438.8s
#10 sha256:cbb9175a9bc5f6553f8c0c5025ea9521898b8a3956ee24798dc35c24c6185053 169.87MB / 2.06GB 443.9s
#10 sha256:cbb9175a9bc5f6553f8c0c5025ea9521898b8a3956ee24798dc35c24c6185053 171.97MB / 2.06GB 449.0s
#10 sha256:cbb9175a9bc5f6553f8c0c5025ea9521898b8a3956ee24798dc35c24c6185053 173.02MB / 2.06GB 454.1s
#10 sha256:cbb9175a9bc5f6553f8c0c5025ea9521898b8a3956ee24798dc35c24c6185053 175.11MB / 2.06GB 459.2s
#10 sha256:cbb9175a9bc5f6553f8c0c5025ea9521898b8a3956ee24798dc35c24c6185053 177.21MB / 2.06GB 464.3s
#10 sha256:cbb9175a9bc5f6553f8c0c5025ea9521898b8a3956ee24798dc35c24c6185053 179.31MB / 2.06GB 469.4s
#10 sha256:cbb9175a9bc5f6553f8c0c5025ea9521898b8a3956ee24798dc35c24c6185053 181.40MB / 2.06GB 474.5s
#10 sha256:cbb9175a9bc5f6553f8c0c5025ea9521898b8a3956ee24798dc35c24c6185053 183.50MB / 2.06GB 479.6s
#10 sha256:cbb9175a9bc5f6553f8c0c5025ea9521898b8a3956ee24798dc35c24c6185053 185.60MB / 2.06GB 484.7s
#10 sha256:cbb9175a9bc5f6553f8c0c5025ea9521898b8a3956ee24798dc35c24c6185053 187.70MB / 2.06GB 489.8s
#10 sha256:cbb9175a9bc5f6553f8c0c5025ea9521898b8a3956ee24798dc35c24c6185053 189.79MB / 2.06GB 494.9s
#10 sha256:cbb9175a9bc5f6553f8c0c5025ea9521898b8a3956ee24798dc35c24c6185053 191.89MB / 2.06GB 500.0s
#10 sha256:cbb9175a9bc5f6553f8c0c5025ea9521898b8a3956ee24798dc35c24c6185053 193.99MB / 2.06GB 505.1s
#10 sha256:cbb9175a9bc5f6553f8c0c5025ea9521898b8a3956ee24798dc35c24c6185053 195.04MB / 2.06GB 510.2s
#10 sha256:cbb9175a9bc5f6553f8c0c5025ea9521898b8a3956ee24798dc35c24c6185053 197.13MB / 2.06GB 515.3s
#10 sha256:cbb9175a9bc5f6553f8c0c5025ea9521898b8a3956ee24798dc35c24c6185053 199.23MB / 2.06GB 520.4s
#10 sha256:cbb9175a9bc5f6553f8c0c5025ea9521898b8a3956ee24798dc35c24c6185053 201.33MB / 2.06GB 525.5s
#10 sha256:cbb9175a9bc5f6553f8c0c5025ea9521898b8a3956ee24798dc35c24c6185053 202.38MB / 2.06GB 530.6s
#10 sha256:cbb9175a9bc5f6553f8c0c5025ea9521898b8a3956ee24798dc35c24c6185053 204.47MB / 2.06GB 535.7s
#10 sha256:cbb9175a9bc5f6553f8c0c5025ea9521898b8a3956ee24798dc35c24c6185053 206.57MB / 2.06GB 540.8s
#10 sha256:cbb9175a9bc5f6553f8c0c5025ea9521898b8a3956ee24798dc35c24c6185053 207.62MB / 2.06GB 545.9s
#10 sha256:cbb9175a9bc5f6553f8c0c5025ea9521898b8a3956ee24798dc35c24c6185053 210.76MB / 2.06GB 551.0s
#10 sha256:cbb9175a9bc5f6553f8c0c5025ea9521898b8a3956ee24798dc35c24c6185053 212.86MB / 2.06GB 556.1s
#10 sha256:cbb9175a9bc5f6553f8c0c5025ea9521898b8a3956ee24798dc35c24c6185053 214.96MB / 2.06GB 561.2s
#10 sha256:cbb9175a9bc5f6553f8c0c5025ea9521898b8a3956ee24798dc35c24c6185053 216.01MB / 2.06GB 566.3s
#10 sha256:cbb9175a9bc5f6553f8c0c5025ea9521898b8a3956ee24798dc35c24c6185053 217.06MB / 2.06GB 571.4s
#10 sha256:cbb9175a9bc5f6553f8c0c5025ea9521898b8a3956ee24798dc35c24c6185053 220.20MB / 2.06GB 576.5s
#10 sha256:cbb9175a9bc5f6553f8c0c5025ea9521898b8a3956ee24798dc35c24c6185053 222.30MB / 2.06GB 581.6s
#10 sha256:cbb9175a9bc5f6553f8c0c5025ea9521898b8a3956ee24798dc35c24c6185053 224.40MB / 2.06GB 586.7s
#10 sha256:cbb9175a9bc5f6553f8c0c5025ea9521898b8a3956ee24798dc35c24c6185053 225.44MB / 2.06GB 591.8s
#10 sha256:cbb9175a9bc5f6553f8c0c5025ea9521898b8a3956ee24798dc35c24c6185053 226.49MB / 2.06GB 596.9s
#10 sha256:cbb9175a9bc5f6553f8c0c5025ea9521898b8a3956ee24798dc35c24c6185053 228.59MB / 2.06GB 602.0s
#10 sha256:cbb9175a9bc5f6553f8c0c5025ea9521898b8a3956ee24798dc35c24c6185053 230.69MB / 2.06GB 607.1s
#10 sha256:cbb9175a9bc5f6553f8c0c5025ea9521898b8a3956ee24798dc35c24c6185053 232.78MB / 2.06GB 612.2s
#10 sha256:cbb9175a9bc5f6553f8c0c5025ea9521898b8a3956ee24798dc35c24c6185053 234.88MB / 2.06GB 617.3s
#10 sha256:cbb9175a9bc5f6553f8c0c5025ea9521898b8a3956ee24798dc35c24c6185053 235.93MB / 2.06GB 622.4s
#10 sha256:cbb9175a9bc5f6553f8c0c5025ea9521898b8a3956ee24798dc35c24c6185053 238.03MB / 2.06GB 627.5s
#10 sha256:cbb9175a9bc5f6553f8c0c5025ea9521898b8a3956ee24798dc35c24c6185053 240.12MB / 2.06GB 632.6s
#10 sha256:cbb9175a9bc5f6553f8c0c5025ea9521898b8a3956ee24798dc35c24c6185053 241.17MB / 2.06GB 637.7s
#10 sha256:cbb9175a9bc5f6553f8c0c5025ea9521898b8a3956ee24798dc35c24c6185053 242.22MB / 2.06GB 642.8s
#10 sha256:cbb9175a9bc5f6553f8c0c5025ea9521898b8a3956ee24798dc35c24c6185053 246.42MB / 2.06GB 647.9s
#10 sha256:cbb9175a9bc5f6553f8c0c5025ea9521898b8a3956ee24798dc35c24c6185053 248.51MB / 2.06GB 653.0s
#10 sha256:cbb9175a9bc5f6553f8c0c5025ea9521898b8a3956ee24798dc35c24c6185053 250.61MB / 2.06GB 658.1s
#10 sha256:cbb9175a9bc5f6553f8c0c5025ea9521898b8a3956ee24798dc35c24c6185053 250.61MB / 2.06GB 663.2s
#10 sha256:cbb9175a9bc5f6553f8c0c5025ea9521898b8a3956ee24798dc35c24c6185053 253.76MB / 2.06GB 668.3s
#10 sha256:cbb9175a9bc5f6553f8c0c5025ea9521898b8a3956ee24798dc35c24c6185053 254.80MB / 2.06GB 673.4s
#10 sha256:cbb9175a9bc5f6553f8c0c5025ea9521898b8a3956ee24798dc35c24c6185053 257.95MB / 2.06GB 678.5s
#10 sha256:cbb9175a9bc5f6553f8c0c5025ea9521898b8a3956ee24798dc35c24c6185053 260.05MB / 2.06GB 683.6s
#10 sha256:cbb9175a9bc5f6553f8c0c5025ea9521898b8a3956ee24798dc35c24c6185053 262.14MB / 2.06GB 688.7s
#10 sha256:cbb9175a9bc5f6553f8c0c5025ea9521898b8a3956ee24798dc35c24c6185053 264.24MB / 2.06GB 693.8s
#10 sha256:cbb9175a9bc5f6553f8c0c5025ea9521898b8a3956ee24798dc35c24c6185053 266.34MB / 2.06GB 698.9s
#10 sha256:cbb9175a9bc5f6553f8c0c5025ea9521898b8a3956ee24798dc35c24c6185053 267.39MB / 2.06GB 704.0s
#10 sha256:cbb9175a9bc5f6553f8c0c5025ea9521898b8a3956ee24798dc35c24c6185053 269.48MB / 2.06GB 709.1s
#10 sha256:cbb9175a9bc5f6553f8c0c5025ea9521898b8a3956ee24798dc35c24c6185053 271.58MB / 2.06GB 714.2s
#10 sha256:cbb9175a9bc5f6553f8c0c5025ea9521898b8a3956ee24798dc35c24c6185053 272.63MB / 2.06GB 719.3s
#10 sha256:cbb9175a9bc5f6553f8c0c5025ea9521898b8a3956ee24798dc35c24c6185053 274.73MB / 2.06GB 724.4s
#10 sha256:cbb9175a9bc5f6553f8c0c5025ea9521898b8a3956ee24798dc35c24c6185053 276.82MB / 2.06GB 729.5s
#10 sha256:cbb9175a9bc5f6553f8c0c5025ea9521898b8a3956ee24798dc35c24c6185053 278.92MB / 2.06GB 734.6s
#10 sha256:cbb9175a9bc5f6553f8c0c5025ea9521898b8a3956ee24798dc35c24c6185053 281.02MB / 2.06GB 739.7s
#10 sha256:cbb9175a9bc5f6553f8c0c5025ea9521898b8a3956ee24798dc35c24c6185053 283.12MB / 2.06GB 744.8s
#10 sha256:cbb9175a9bc5f6553f8c0c5025ea9521898b8a3956ee24798dc35c24c6185053 285.21MB / 2.06GB 749.9s
#10 sha256:cbb9175a9bc5f6553f8c0c5025ea9521898b8a3956ee24798dc35c24c6185053 286.26MB / 2.06GB 755.0s
#10 sha256:cbb9175a9bc5f6553f8c0c5025ea9521898b8a3956ee24798dc35c24c6185053 286.26MB / 2.06GB 760.1s
#10 sha256:cbb9175a9bc5f6553f8c0c5025ea9521898b8a3956ee24798dc35c24c6185053 288.36MB / 2.06GB 765.2s
#10 sha256:cbb9175a9bc5f6553f8c0c5025ea9521898b8a3956ee24798dc35c24c6185053 289.41MB / 2.06GB 770.3s
#10 sha256:cbb9175a9bc5f6553f8c0c5025ea9521898b8a3956ee24798dc35c24c6185053 291.50MB / 2.06GB 775.4s
#10 sha256:cbb9175a9bc5f6553f8c0c5025ea9521898b8a3956ee24798dc35c24c6185053 294.65MB / 2.06GB 780.5s
#10 sha256:cbb9175a9bc5f6553f8c0c5025ea9521898b8a3956ee24798dc35c24c6185053 296.75MB / 2.06GB 785.6s
#10 sha256:cbb9175a9bc5f6553f8c0c5025ea9521898b8a3956ee24798dc35c24c6185053 298.84MB / 2.06GB 790.7s
#10 sha256:cbb9175a9bc5f6553f8c0c5025ea9521898b8a3956ee24798dc35c24c6185053 300.94MB / 2.06GB 795.8s
#10 sha256:cbb9175a9bc5f6553f8c0c5025ea9521898b8a3956ee24798dc35c24c6185053 301.99MB / 2.06GB 800.9s
#10 sha256:cbb9175a9bc5f6553f8c0c5025ea9521898b8a3956ee24798dc35c24c6185053 304.09MB / 2.06GB 806.0s
#10 sha256:cbb9175a9bc5f6553f8c0c5025ea9521898b8a3956ee24798dc35c24c6185053 306.18MB / 2.06GB 811.1s
#10 sha256:cbb9175a9bc5f6553f8c0c5025ea9521898b8a3956ee24798dc35c24c6185053 307.23MB / 2.06GB 816.2s
#10 sha256:cbb9175a9bc5f6553f8c0c5025ea9521898b8a3956ee24798dc35c24c6185053 308.28MB / 2.06GB 821.3s
#10 sha256:cbb9175a9bc5f6553f8c0c5025ea9521898b8a3956ee24798dc35c24c6185053 310.38MB / 2.06GB 826.4s
#10 sha256:cbb9175a9bc5f6553f8c0c5025ea9521898b8a3956ee24798dc35c24c6185053 311.43MB / 2.06GB 831.5s
#10 sha256:cbb9175a9bc5f6553f8c0c5025ea9521898b8a3956ee24798dc35c24c6185053 312.48MB / 2.06GB 836.6s
#10 sha256:cbb9175a9bc5f6553f8c0c5025ea9521898b8a3956ee24798dc35c24c6185053 314.57MB / 2.06GB 841.7s
#10 sha256:cbb9175a9bc5f6553f8c0c5025ea9521898b8a3956ee24798dc35c24c6185053 316.67MB / 2.06GB 846.8s
#10 sha256:cbb9175a9bc5f6553f8c0c5025ea9521898b8a3956ee24798dc35c24c6185053 318.77MB / 2.06GB 851.9s
#10 sha256:cbb9175a9bc5f6553f8c0c5025ea9521898b8a3956ee24798dc35c24c6185053 320.86MB / 2.06GB 857.0s
#10 sha256:cbb9175a9bc5f6553f8c0c5025ea9521898b8a3956ee24798dc35c24c6185053 321.91MB / 2.06GB 862.1s
#10 sha256:cbb9175a9bc5f6553f8c0c5025ea9521898b8a3956ee24798dc35c24c6185053 324.01MB / 2.06GB 867.2s
#10 sha256:cbb9175a9bc5f6553f8c0c5025ea9521898b8a3956ee24798dc35c24c6185053 326.11MB / 2.06GB 872.3s
#10 sha256:cbb9175a9bc5f6553f8c0c5025ea9521898b8a3956ee24798dc35c24c6185053 327.16MB / 2.06GB 877.4s
#10 sha256:cbb9175a9bc5f6553f8c0c5025ea9521898b8a3956ee24798dc35c24c6185053 328.20MB / 2.06GB 882.5s
#10 sha256:cbb9175a9bc5f6553f8c0c5025ea9521898b8a3956ee24798dc35c24c6185053 331.35MB / 2.06GB 887.6s
#10 sha256:cbb9175a9bc5f6553f8c0c5025ea9521898b8a3956ee24798dc35c24c6185053 333.45MB / 2.06GB 892.7s
#10 sha256:cbb9175a9bc5f6553f8c0c5025ea9521898b8a3956ee24798dc35c24c6185053 334.50MB / 2.06GB 897.8s
#10 sha256:cbb9175a9bc5f6553f8c0c5025ea9521898b8a3956ee24798dc35c24c6185053 335.54MB / 2.06GB 902.9s
#10 sha256:cbb9175a9bc5f6553f8c0c5025ea9521898b8a3956ee24798dc35c24c6185053 336.59MB / 2.06GB 908.0s
#10 sha256:cbb9175a9bc5f6553f8c0c5025ea9521898b8a3956ee24798dc35c24c6185053 338.69MB / 2.06GB 913.1s
#10 sha256:cbb9175a9bc5f6553f8c0c5025ea9521898b8a3956ee24798dc35c24c6185053 340.79MB / 2.06GB 918.2s
#10 sha256:cbb9175a9bc5f6553f8c0c5025ea9521898b8a3956ee24798dc35c24c6185053 341.84MB / 2.06GB 923.3s
#10 sha256:cbb9175a9bc5f6553f8c0c5025ea9521898b8a3956ee24798dc35c24c6185053 343.93MB / 2.06GB 928.4s
#10 sha256:cbb9175a9bc5f6553f8c0c5025ea9521898b8a3956ee24798dc35c24c6185053 344.98MB / 2.06GB 933.5s
#10 sha256:cbb9175a9bc5f6553f8c0c5025ea9521898b8a3956ee24798dc35c24c6185053 347.08MB / 2.06GB 938.6s
#10 sha256:cbb9175a9bc5f6553f8c0c5025ea9521898b8a3956ee24798dc35c24c6185053 348.13MB / 2.06GB 943.7s
#10 sha256:cbb9175a9bc5f6553f8c0c5025ea9521898b8a3956ee24798dc35c24c6185053 350.22MB / 2.06GB 948.8s
#10 sha256:cbb9175a9bc5f6553f8c0c5025ea9521898b8a3956ee24798dc35c24c6185053 352.32MB / 2.06GB 953.9s
#10 sha256:cbb9175a9bc5f6553f8c0c5025ea9521898b8a3956ee24798dc35c24c6185053 354.42MB / 2.06GB 959.0s
#10 sha256:cbb9175a9bc5f6553f8c0c5025ea9521898b8a3956ee24798dc35c24c6185053 355.47MB / 2.06GB 964.1s
#10 sha256:cbb9175a9bc5f6553f8c0c5025ea9521898b8a3956ee24798dc35c24c6185053 355.47MB / 2.06GB 969.2s
#10 sha256:cbb9175a9bc5f6553f8c0c5025ea9521898b8a3956ee24798dc35c24c6185053 355.47MB / 2.06GB 974.3s
#10 sha256:cbb9175a9bc5f6553f8c0c5025ea9521898b8a3956ee24798dc35c24c6185053 357.56MB / 2.06GB 979.4s
#10 sha256:cbb9175a9bc5f6553f8c0c5025ea9521898b8a3956ee24798dc35c24c6185053 358.61MB / 2.06GB 984.5s
#10 sha256:cbb9175a9bc5f6553f8c0c5025ea9521898b8a3956ee24798dc35c24c6185053 358.61MB / 2.06GB 989.6s
#10 sha256:cbb9175a9bc5f6553f8c0c5025ea9521898b8a3956ee24798dc35c24c6185053 360.71MB / 2.06GB 994.7s
#10 sha256:cbb9175a9bc5f6553f8c0c5025ea9521898b8a3956ee24798dc35c24c6185053 362.81MB / 2.06GB 999.8s
#10 sha256:cbb9175a9bc5f6553f8c0c5025ea9521898b8a3956ee24798dc35c24c6185053 364.90MB / 2.06GB 1004.9s
#10 sha256:cbb9175a9bc5f6553f8c0c5025ea9521898b8a3956ee24798dc35c24c6185053 365.95MB / 2.06GB 1010.0s
#10 sha256:cbb9175a9bc5f6553f8c0c5025ea9521898b8a3956ee24798dc35c24c6185053 368.05MB / 2.06GB 1015.1s
#10 sha256:cbb9175a9bc5f6553f8c0c5025ea9521898b8a3956ee24798dc35c24c6185053 370.15MB / 2.06GB 1020.2s
#10 sha256:cbb9175a9bc5f6553f8c0c5025ea9521898b8a3956ee24798dc35c24c6185053 371.20MB / 2.06GB 1025.3s
#10 sha256:cbb9175a9bc5f6553f8c0c5025ea9521898b8a3956ee24798dc35c24c6185053 373.29MB / 2.06GB 1030.4s
#10 sha256:cbb9175a9bc5f6553f8c0c5025ea9521898b8a3956ee24798dc35c24c6185053 374.34MB / 2.06GB 1035.5s
#10 sha256:cbb9175a9bc5f6553f8c0c5025ea9521898b8a3956ee24798dc35c24c6185053 375.39MB / 2.06GB 1040.6s
#10 sha256:cbb9175a9bc5f6553f8c0c5025ea9521898b8a3956ee24798dc35c24c6185053 377.49MB / 2.06GB 1045.7s
#10 sha256:cbb9175a9bc5f6553f8c0c5025ea9521898b8a3956ee24798dc35c24c6185053 379.58MB / 2.06GB 1050.8s
#10 sha256:cbb9175a9bc5f6553f8c0c5025ea9521898b8a3956ee24798dc35c24c6185053 380.63MB / 2.06GB 1055.9s
#10 sha256:cbb9175a9bc5f6553f8c0c5025ea9521898b8a3956ee24798dc35c24c6185053 382.73MB / 2.06GB 1061.0s
#10 sha256:cbb9175a9bc5f6553f8c0c5025ea9521898b8a3956ee24798dc35c24c6185053 383.78MB / 2.06GB 1066.1s
#10 sha256:cbb9175a9bc5f6553f8c0c5025ea9521898b8a3956ee24798dc35c24c6185053 385.88MB / 2.06GB 1071.2s
#10 sha256:cbb9175a9bc5f6553f8c0c5025ea9521898b8a3956ee24798dc35c24c6185053 387.97MB / 2.06GB 1076.3s
#10 sha256:cbb9175a9bc5f6553f8c0c5025ea9521898b8a3956ee24798dc35c24c6185053 389.02MB / 2.06GB 1081.4s
#10 sha256:cbb9175a9bc5f6553f8c0c5025ea9521898b8a3956ee24798dc35c24c6185053 391.12MB / 2.06GB 1086.5s
#10 sha256:cbb9175a9bc5f6553f8c0c5025ea9521898b8a3956ee24798dc35c24c6185053 392.17MB / 2.06GB 1091.6s
#10 sha256:cbb9175a9bc5f6553f8c0c5025ea9521898b8a3956ee24798dc35c24c6185053 394.26MB / 2.06GB 1096.7s
#10 sha256:cbb9175a9bc5f6553f8c0c5025ea9521898b8a3956ee24798dc35c24c6185053 396.36MB / 2.06GB 1101.8s
#10 sha256:cbb9175a9bc5f6553f8c0c5025ea9521898b8a3956ee24798dc35c24c6185053 397.41MB / 2.06GB 1106.9s
#10 sha256:cbb9175a9bc5f6553f8c0c5025ea9521898b8a3956ee24798dc35c24c6185053 399.51MB / 2.06GB 1112.0s
#10 sha256:cbb9175a9bc5f6553f8c0c5025ea9521898b8a3956ee24798dc35c24c6185053 400.56MB / 2.06GB 1117.1s
#10 sha256:cbb9175a9bc5f6553f8c0c5025ea9521898b8a3956ee24798dc35c24c6185053 402.65MB / 2.06GB 1122.2s
#10 sha256:cbb9175a9bc5f6553f8c0c5025ea9521898b8a3956ee24798dc35c24c6185053 403.70MB / 2.06GB 1127.3s
#10 sha256:cbb9175a9bc5f6553f8c0c5025ea9521898b8a3956ee24798dc35c24c6185053 405.80MB / 2.06GB 1132.4s
#10 sha256:cbb9175a9bc5f6553f8c0c5025ea9521898b8a3956ee24798dc35c24c6185053 406.85MB / 2.06GB 1137.5s
#10 sha256:cbb9175a9bc5f6553f8c0c5025ea9521898b8a3956ee24798dc35c24c6185053 408.94MB / 2.06GB 1142.6s
#10 sha256:cbb9175a9bc5f6553f8c0c5025ea9521898b8a3956ee24798dc35c24c6185053 411.04MB / 2.06GB 1147.7s
#10 sha256:cbb9175a9bc5f6553f8c0c5025ea9521898b8a3956ee24798dc35c24c6185053 413.14MB / 2.06GB 1152.8s
#10 sha256:cbb9175a9bc5f6553f8c0c5025ea9521898b8a3956ee24798dc35c24c6185053 414.19MB / 2.06GB 1157.9s
#10 sha256:cbb9175a9bc5f6553f8c0c5025ea9521898b8a3956ee24798dc35c24c6185053 417.33MB / 2.06GB 1163.0s
#10 sha256:cbb9175a9bc5f6553f8c0c5025ea9521898b8a3956ee24798dc35c24c6185053 419.43MB / 2.06GB 1168.1s
#10 sha256:cbb9175a9bc5f6553f8c0c5025ea9521898b8a3956ee24798dc35c24c6185053 420.48MB / 2.06GB 1173.2s
#10 sha256:cbb9175a9bc5f6553f8c0c5025ea9521898b8a3956ee24798dc35c24c6185053 422.58MB / 2.06GB 1178.3s
#10 sha256:cbb9175a9bc5f6553f8c0c5025ea9521898b8a3956ee24798dc35c24c6185053 424.67MB / 2.06GB 1183.4s
#10 sha256:cbb9175a9bc5f6553f8c0c5025ea9521898b8a3956ee24798dc35c24c6185053 426.77MB / 2.06GB 1188.5s
#10 sha256:cbb9175a9bc5f6553f8c0c5025ea9521898b8a3956ee24798dc35c24c6185053 428.87MB / 2.06GB 1193.6s
#10 sha256:cbb9175a9bc5f6553f8c0c5025ea9521898b8a3956ee24798dc35c24c6185053 430.96MB / 2.06GB 1198.7s
#10 sha256:cbb9175a9bc5f6553f8c0c5025ea9521898b8a3956ee24798dc35c24c6185053 433.06MB / 2.06GB 1203.8s
#10 sha256:cbb9175a9bc5f6553f8c0c5025ea9521898b8a3956ee24798dc35c24c6185053 434.11MB / 2.06GB 1208.9s
#10 sha256:cbb9175a9bc5f6553f8c0c5025ea9521898b8a3956ee24798dc35c24c6185053 436.21MB / 2.06GB 1214.0s
#10 sha256:cbb9175a9bc5f6553f8c0c5025ea9521898b8a3956ee24798dc35c24c6185053 438.30MB / 2.06GB 1219.1s
#10 sha256:cbb9175a9bc5f6553f8c0c5025ea9521898b8a3956ee24798dc35c24c6185053 440.40MB / 2.06GB 1224.2s
#10 sha256:cbb9175a9bc5f6553f8c0c5025ea9521898b8a3956ee24798dc35c24c6185053 442.50MB / 2.06GB 1229.3s
#10 sha256:cbb9175a9bc5f6553f8c0c5025ea9521898b8a3956ee24798dc35c24c6185053 443.55MB / 2.06GB 1234.4s
#10 sha256:cbb9175a9bc5f6553f8c0c5025ea9521898b8a3956ee24798dc35c24c6185053 445.64MB / 2.06GB 1239.5s
#10 sha256:cbb9175a9bc5f6553f8c0c5025ea9521898b8a3956ee24798dc35c24c6185053 447.74MB / 2.06GB 1244.6s
#10 sha256:cbb9175a9bc5f6553f8c0c5025ea9521898b8a3956ee24798dc35c24c6185053 449.84MB / 2.06GB 1249.7s
#10 sha256:cbb9175a9bc5f6553f8c0c5025ea9521898b8a3956ee24798dc35c24c6185053 451.94MB / 2.06GB 1254.8s
#10 sha256:cbb9175a9bc5f6553f8c0c5025ea9521898b8a3956ee24798dc35c24c6185053 454.03MB / 2.06GB 1259.9s
#10 sha256:cbb9175a9bc5f6553f8c0c5025ea9521898b8a3956ee24798dc35c24c6185053 455.08MB / 2.06GB 1265.0s
#10 sha256:cbb9175a9bc5f6553f8c0c5025ea9521898b8a3956ee24798dc35c24c6185053 457.18MB / 2.06GB 1270.1s
#10 sha256:cbb9175a9bc5f6553f8c0c5025ea9521898b8a3956ee24798dc35c24c6185053 459.28MB / 2.06GB 1275.2s
#10 sha256:cbb9175a9bc5f6553f8c0c5025ea9521898b8a3956ee24798dc35c24c6185053 461.37MB / 2.06GB 1280.3s
#10 sha256:cbb9175a9bc5f6553f8c0c5025ea9521898b8a3956ee24798dc35c24c6185053 463.47MB / 2.06GB 1285.4s
#10 sha256:cbb9175a9bc5f6553f8c0c5025ea9521898b8a3956ee24798dc35c24c6185053 465.57MB / 2.06GB 1290.5s
#10 sha256:cbb9175a9bc5f6553f8c0c5025ea9521898b8a3956ee24798dc35c24c6185053 467.66MB / 2.06GB 1295.6s
#10 sha256:cbb9175a9bc5f6553f8c0c5025ea9521898b8a3956ee24798dc35c24c6185053 469.76MB / 2.06GB 1300.7s
#10 sha256:cbb9175a9bc5f6553f8c0c5025ea9521898b8a3956ee24798dc35c24c6185053 471.86MB / 2.06GB 1305.8s
#10 sha256:cbb9175a9bc5f6553f8c0c5025ea9521898b8a3956ee24798dc35c24c6185053 473.96MB / 2.06GB 1310.9s
#10 sha256:cbb9175a9bc5f6553f8c0c5025ea9521898b8a3956ee24798dc35c24c6185053 476.05MB / 2.06GB 1316.0s
#10 sha256:cbb9175a9bc5f6553f8c0c5025ea9521898b8a3956ee24798dc35c24c6185053 477.10MB / 2.06GB 1321.1s
#10 sha256:cbb9175a9bc5f6553f8c0c5025ea9521898b8a3956ee24798dc35c24c6185053 479.20MB / 2.06GB 1326.2s
#10 sha256:cbb9175a9bc5f6553f8c0c5025ea9521898b8a3956ee24798dc35c24c6185053 481.30MB / 2.06GB 1331.3s
#10 sha256:cbb9175a9bc5f6553f8c0c5025ea9521898b8a3956ee24798dc35c24c6185053 483.39MB / 2.06GB 1336.4s
#10 sha256:cbb9175a9bc5f6553f8c0c5025ea9521898b8a3956ee24798dc35c24c6185053 485.49MB / 2.06GB 1341.5s
#10 sha256:cbb9175a9bc5f6553f8c0c5025ea9521898b8a3956ee24798dc35c24c6185053 487.59MB / 2.06GB 1346.6s
#10 sha256:cbb9175a9bc5f6553f8c0c5025ea9521898b8a3956ee24798dc35c24c6185053 489.68MB / 2.06GB 1351.7s
#10 sha256:cbb9175a9bc5f6553f8c0c5025ea9521898b8a3956ee24798dc35c24c6185053 490.73MB / 2.06GB 1356.8s
#10 sha256:cbb9175a9bc5f6553f8c0c5025ea9521898b8a3956ee24798dc35c24c6185053 492.83MB / 2.06GB 1361.9s
#10 sha256:cbb9175a9bc5f6553f8c0c5025ea9521898b8a3956ee24798dc35c24c6185053 494.93MB / 2.06GB 1367.0s
#10 sha256:cbb9175a9bc5f6553f8c0c5025ea9521898b8a3956ee24798dc35c24c6185053 497.03MB / 2.06GB 1372.1s
#10 sha256:cbb9175a9bc5f6553f8c0c5025ea9521898b8a3956ee24798dc35c24c6185053 499.12MB / 2.06GB 1377.2s
#10 sha256:cbb9175a9bc5f6553f8c0c5025ea9521898b8a3956ee24798dc35c24c6185053 501.22MB / 2.06GB 1382.3s
#10 sha256:cbb9175a9bc5f6553f8c0c5025ea9521898b8a3956ee24798dc35c24c6185053 502.27MB / 2.06GB 1387.4s
#10 sha256:cbb9175a9bc5f6553f8c0c5025ea9521898b8a3956ee24798dc35c24c6185053 504.37MB / 2.06GB 1392.5s
#10 sha256:cbb9175a9bc5f6553f8c0c5025ea9521898b8a3956ee24798dc35c24c6185053 506.46MB / 2.06GB 1397.6s
#10 sha256:cbb9175a9bc5f6553f8c0c5025ea9521898b8a3956ee24798dc35c24c6185053 508.56MB / 2.06GB 1402.7s
#10 sha256:cbb9175a9bc5f6553f8c0c5025ea9521898b8a3956ee24798dc35c24c6185053 510.66MB / 2.06GB 1407.8s
#10 sha256:cbb9175a9bc5f6553f8c0c5025ea9521898b8a3956ee24798dc35c24c6185053 512.75MB / 2.06GB 1412.9s
#10 sha256:cbb9175a9bc5f6553f8c0c5025ea9521898b8a3956ee24798dc35c24c6185053 514.85MB / 2.06GB 1418.0s
#10 sha256:cbb9175a9bc5f6553f8c0c5025ea9521898b8a3956ee24798dc35c24c6185053 516.95MB / 2.06GB 1423.1s
#10 sha256:cbb9175a9bc5f6553f8c0c5025ea9521898b8a3956ee24798dc35c24c6185053 519.05MB / 2.06GB 1428.2s
#10 sha256:cbb9175a9bc5f6553f8c0c5025ea9521898b8a3956ee24798dc35c24c6185053 521.14MB / 2.06GB 1433.3s
#10 sha256:cbb9175a9bc5f6553f8c0c5025ea9521898b8a3956ee24798dc35c24c6185053 522.19MB / 2.06GB 1438.4s
#10 sha256:cbb9175a9bc5f6553f8c0c5025ea9521898b8a3956ee24798dc35c24c6185053 524.29MB / 2.06GB 1443.5s
#10 sha256:cbb9175a9bc5f6553f8c0c5025ea9521898b8a3956ee24798dc35c24c6185053 526.39MB / 2.06GB 1448.6s
#10 sha256:cbb9175a9bc5f6553f8c0c5025ea9521898b8a3956ee24798dc35c24c6185053 528.48MB / 2.06GB 1453.7s
#10 sha256:cbb9175a9bc5f6553f8c0c5025ea9521898b8a3956ee24798dc35c24c6185053 530.58MB / 2.06GB 1458.8s
#10 sha256:cbb9175a9bc5f6553f8c0c5025ea9521898b8a3956ee24798dc35c24c6185053 532.68MB / 2.06GB 1463.9s
#10 sha256:cbb9175a9bc5f6553f8c0c5025ea9521898b8a3956ee24798dc35c24c6185053 534.77MB / 2.06GB 1469.0s
#10 sha256:cbb9175a9bc5f6553f8c0c5025ea9521898b8a3956ee24798dc35c24c6185053 536.87MB / 2.06GB 1474.1s
#10 sha256:cbb9175a9bc5f6553f8c0c5025ea9521898b8a3956ee24798dc35c24c6185053 537.92MB / 2.06GB 1479.2s
#10 sha256:cbb9175a9bc5f6553f8c0c5025ea9521898b8a3956ee24798dc35c24c6185053 540.02MB / 2.06GB 1484.3s
#10 sha256:cbb9175a9bc5f6553f8c0c5025ea9521898b8a3956ee24798dc35c24c6185053 542.11MB / 2.06GB 1489.4s
#10 sha256:cbb9175a9bc5f6553f8c0c5025ea9521898b8a3956ee24798dc35c24c6185053 544.21MB / 2.06GB 1494.5s
#10 sha256:cbb9175a9bc5f6553f8c0c5025ea9521898b8a3956ee24798dc35c24c6185053 546.31MB / 2.06GB 1499.6s
#10 sha256:cbb9175a9bc5f6553f8c0c5025ea9521898b8a3956ee24798dc35c24c6185053 548.41MB / 2.06GB 1504.7s
#10 sha256:cbb9175a9bc5f6553f8c0c5025ea9521898b8a3956ee24798dc35c24c6185053 550.50MB / 2.06GB 1509.8s
#10 sha256:cbb9175a9bc5f6553f8c0c5025ea9521898b8a3956ee24798dc35c24c6185053 552.60MB / 2.06GB 1514.9s
#10 sha256:cbb9175a9bc5f6553f8c0c5025ea9521898b8a3956ee24798dc35c24c6185053 554.70MB / 2.06GB 1520.0s
#10 sha256:cbb9175a9bc5f6553f8c0c5025ea9521898b8a3956ee24798dc35c24c6185053 555.75MB / 2.06GB 1525.1s
#10 sha256:cbb9175a9bc5f6553f8c0c5025ea9521898b8a3956ee24798dc35c24c6185053 557.84MB / 2.06GB 1530.2s
#10 sha256:cbb9175a9bc5f6553f8c0c5025ea9521898b8a3956ee24798dc35c24c6185053 559.94MB / 2.06GB 1535.3s
#10 sha256:cbb9175a9bc5f6553f8c0c5025ea9521898b8a3956ee24798dc35c24c6185053 562.04MB / 2.06GB 1540.4s
#10 sha256:cbb9175a9bc5f6553f8c0c5025ea9521898b8a3956ee24798dc35c24c6185053 564.13MB / 2.06GB 1545.5s
#10 sha256:cbb9175a9bc5f6553f8c0c5025ea9521898b8a3956ee24798dc35c24c6185053 566.23MB / 2.06GB 1550.6s
#10 sha256:cbb9175a9bc5f6553f8c0c5025ea9521898b8a3956ee24798dc35c24c6185053 568.33MB / 2.06GB 1555.7s
#10 sha256:cbb9175a9bc5f6553f8c0c5025ea9521898b8a3956ee24798dc35c24c6185053 570.43MB / 2.06GB 1560.8s
#10 sha256:cbb9175a9bc5f6553f8c0c5025ea9521898b8a3956ee24798dc35c24c6185053 571.47MB / 2.06GB 1565.9s
#10 sha256:cbb9175a9bc5f6553f8c0c5025ea9521898b8a3956ee24798dc35c24c6185053 573.57MB / 2.06GB 1571.0s
#10 sha256:cbb9175a9bc5f6553f8c0c5025ea9521898b8a3956ee24798dc35c24c6185053 575.67MB / 2.06GB 1576.1s
#10 sha256:cbb9175a9bc5f6553f8c0c5025ea9521898b8a3956ee24798dc35c24c6185053 577.77MB / 2.06GB 1581.2s
#10 sha256:cbb9175a9bc5f6553f8c0c5025ea9521898b8a3956ee24798dc35c24c6185053 579.86MB / 2.06GB 1586.3s
#10 sha256:cbb9175a9bc5f6553f8c0c5025ea9521898b8a3956ee24798dc35c24c6185053 581.96MB / 2.06GB 1591.4s
#10 sha256:cbb9175a9bc5f6553f8c0c5025ea9521898b8a3956ee24798dc35c24c6185053 584.06MB / 2.06GB 1596.5s
#10 sha256:cbb9175a9bc5f6553f8c0c5025ea9521898b8a3956ee24798dc35c24c6185053 586.15MB / 2.06GB 1601.6s
#10 sha256:cbb9175a9bc5f6553f8c0c5025ea9521898b8a3956ee24798dc35c24c6185053 587.20MB / 2.06GB 1606.7s
#10 sha256:cbb9175a9bc5f6553f8c0c5025ea9521898b8a3956ee24798dc35c24c6185053 589.30MB / 2.06GB 1611.8s
#10 sha256:cbb9175a9bc5f6553f8c0c5025ea9521898b8a3956ee24798dc35c24c6185053 591.40MB / 2.06GB 1616.9s
#10 sha256:cbb9175a9bc5f6553f8c0c5025ea9521898b8a3956ee24798dc35c24c6185053 593.49MB / 2.06GB 1622.0s
#10 sha256:cbb9175a9bc5f6553f8c0c5025ea9521898b8a3956ee24798dc35c24c6185053 595.59MB / 2.06GB 1627.1s
#10 sha256:cbb9175a9bc5f6553f8c0c5025ea9521898b8a3956ee24798dc35c24c6185053 597.69MB / 2.06GB 1632.2s
#10 sha256:cbb9175a9bc5f6553f8c0c5025ea9521898b8a3956ee24798dc35c24c6185053 599.79MB / 2.06GB 1637.3s
#10 sha256:cbb9175a9bc5f6553f8c0c5025ea9521898b8a3956ee24798dc35c24c6185053 600.83MB / 2.06GB 1642.4s
#10 sha256:cbb9175a9bc5f6553f8c0c5025ea9521898b8a3956ee24798dc35c24c6185053 602.93MB / 2.06GB 1647.5s
#10 sha256:cbb9175a9bc5f6553f8c0c5025ea9521898b8a3956ee24798dc35c24c6185053 605.03MB / 2.06GB 1652.6s
#10 sha256:cbb9175a9bc5f6553f8c0c5025ea9521898b8a3956ee24798dc35c24c6185053 607.13MB / 2.06GB 1657.7s
#10 sha256:cbb9175a9bc5f6553f8c0c5025ea9521898b8a3956ee24798dc35c24c6185053 609.22MB / 2.06GB 1662.8s
#10 sha256:cbb9175a9bc5f6553f8c0c5025ea9521898b8a3956ee24798dc35c24c6185053 610.27MB / 2.06GB 1667.9s
#10 sha256:cbb9175a9bc5f6553f8c0c5025ea9521898b8a3956ee24798dc35c24c6185053 611.32MB / 2.06GB 1673.0s
#10 sha256:cbb9175a9bc5f6553f8c0c5025ea9521898b8a3956ee24798dc35c24c6185053 613.42MB / 2.06GB 1678.1s
#10 sha256:cbb9175a9bc5f6553f8c0c5025ea9521898b8a3956ee24798dc35c24c6185053 616.56MB / 2.06GB 1683.2s
#10 sha256:cbb9175a9bc5f6553f8c0c5025ea9521898b8a3956ee24798dc35c24c6185053 618.66MB / 2.06GB 1688.3s
#10 sha256:cbb9175a9bc5f6553f8c0c5025ea9521898b8a3956ee24798dc35c24c6185053 620.76MB / 2.06GB 1693.4s
#10 sha256:cbb9175a9bc5f6553f8c0c5025ea9521898b8a3956ee24798dc35c24c6185053 621.81MB / 2.06GB 1698.5s
#10 sha256:cbb9175a9bc5f6553f8c0c5025ea9521898b8a3956ee24798dc35c24c6185053 624.95MB / 2.06GB 1703.6s
#10 sha256:cbb9175a9bc5f6553f8c0c5025ea9521898b8a3956ee24798dc35c24c6185053 626.00MB / 2.06GB 1708.7s
#10 sha256:cbb9175a9bc5f6553f8c0c5025ea9521898b8a3956ee24798dc35c24c6185053 628.10MB / 2.06GB 1713.8s
#10 sha256:cbb9175a9bc5f6553f8c0c5025ea9521898b8a3956ee24798dc35c24c6185053 630.19MB / 2.06GB 1718.9s
#10 sha256:cbb9175a9bc5f6553f8c0c5025ea9521898b8a3956ee24798dc35c24c6185053 632.29MB / 2.06GB 1724.0s
#10 sha256:cbb9175a9bc5f6553f8c0c5025ea9521898b8a3956ee24798dc35c24c6185053 634.39MB / 2.06GB 1729.1s
#10 sha256:cbb9175a9bc5f6553f8c0c5025ea9521898b8a3956ee24798dc35c24c6185053 636.49MB / 2.06GB 1734.2s
#10 sha256:cbb9175a9bc5f6553f8c0c5025ea9521898b8a3956ee24798dc35c24c6185053 638.58MB / 2.06GB 1739.3s
#10 sha256:cbb9175a9bc5f6553f8c0c5025ea9521898b8a3956ee24798dc35c24c6185053 640.68MB / 2.06GB 1744.4s
#10 sha256:cbb9175a9bc5f6553f8c0c5025ea9521898b8a3956ee24798dc35c24c6185053 642.78MB / 2.06GB 1749.5s
#10 sha256:cbb9175a9bc5f6553f8c0c5025ea9521898b8a3956ee24798dc35c24c6185053 643.83MB / 2.06GB 1754.6s
#10 sha256:cbb9175a9bc5f6553f8c0c5025ea9521898b8a3956ee24798dc35c24c6185053 645.92MB / 2.06GB 1759.7s
#10 sha256:cbb9175a9bc5f6553f8c0c5025ea9521898b8a3956ee24798dc35c24c6185053 648.02MB / 2.06GB 1764.8s
#10 sha256:cbb9175a9bc5f6553f8c0c5025ea9521898b8a3956ee24798dc35c24c6185053 650.12MB / 2.06GB 1769.9s
#10 sha256:cbb9175a9bc5f6553f8c0c5025ea9521898b8a3956ee24798dc35c24c6185053 652.21MB / 2.06GB 1775.0s
#10 sha256:cbb9175a9bc5f6553f8c0c5025ea9521898b8a3956ee24798dc35c24c6185053 654.31MB / 2.06GB 1780.1s
#10 sha256:cbb9175a9bc5f6553f8c0c5025ea9521898b8a3956ee24798dc35c24c6185053 656.41MB / 2.06GB 1785.2s
#10 sha256:cbb9175a9bc5f6553f8c0c5025ea9521898b8a3956ee24798dc35c24c6185053 658.51MB / 2.06GB 1790.3s
#10 sha256:cbb9175a9bc5f6553f8c0c5025ea9521898b8a3956ee24798dc35c24c6185053 659.55MB / 2.06GB 1795.4s
#10 sha256:cbb9175a9bc5f6553f8c0c5025ea9521898b8a3956ee24798dc35c24c6185053 661.65MB / 2.06GB 1800.5s
#10 sha256:cbb9175a9bc5f6553f8c0c5025ea9521898b8a3956ee24798dc35c24c6185053 663.75MB / 2.06GB 1805.6s
#10 sha256:cbb9175a9bc5f6553f8c0c5025ea9521898b8a3956ee24798dc35c24c6185053 665.85MB / 2.06GB 1810.7s
#10 sha256:cbb9175a9bc5f6553f8c0c5025ea9521898b8a3956ee24798dc35c24c6185053 667.94MB / 2.06GB 1815.8s
#10 sha256:cbb9175a9bc5f6553f8c0c5025ea9521898b8a3956ee24798dc35c24c6185053 670.04MB / 2.06GB 1820.9s
#10 sha256:cbb9175a9bc5f6553f8c0c5025ea9521898b8a3956ee24798dc35c24c6185053 672.14MB / 2.06GB 1826.0s
#10 sha256:cbb9175a9bc5f6553f8c0c5025ea9521898b8a3956ee24798dc35c24c6185053 673.19MB / 2.06GB 1831.1s
#10 sha256:cbb9175a9bc5f6553f8c0c5025ea9521898b8a3956ee24798dc35c24c6185053 675.28MB / 2.06GB 1836.2s
#10 sha256:cbb9175a9bc5f6553f8c0c5025ea9521898b8a3956ee24798dc35c24c6185053 677.38MB / 2.06GB 1841.3s
#10 sha256:cbb9175a9bc5f6553f8c0c5025ea9521898b8a3956ee24798dc35c24c6185053 679.48MB / 2.06GB 1846.4s
#10 sha256:cbb9175a9bc5f6553f8c0c5025ea9521898b8a3956ee24798dc35c24c6185053 680.53MB / 2.06GB 1851.5s
#10 sha256:cbb9175a9bc5f6553f8c0c5025ea9521898b8a3956ee24798dc35c24c6185053 682.62MB / 2.06GB 1856.6s
#10 sha256:cbb9175a9bc5f6553f8c0c5025ea9521898b8a3956ee24798dc35c24c6185053 684.72MB / 2.06GB 1861.7s
#10 sha256:cbb9175a9bc5f6553f8c0c5025ea9521898b8a3956ee24798dc35c24c6185053 686.82MB / 2.06GB 1866.8s
#10 sha256:cbb9175a9bc5f6553f8c0c5025ea9521898b8a3956ee24798dc35c24c6185053 688.91MB / 2.06GB 1871.9s
#10 sha256:cbb9175a9bc5f6553f8c0c5025ea9521898b8a3956ee24798dc35c24c6185053 689.96MB / 2.06GB 1877.0s
#10 sha256:cbb9175a9bc5f6553f8c0c5025ea9521898b8a3956ee24798dc35c24c6185053 692.06MB / 2.06GB 1882.1s
#10 sha256:cbb9175a9bc5f6553f8c0c5025ea9521898b8a3956ee24798dc35c24c6185053 693.11MB / 2.06GB 1887.2s
#10 sha256:cbb9175a9bc5f6553f8c0c5025ea9521898b8a3956ee24798dc35c24c6185053 697.30MB / 2.06GB 1892.3s
#10 sha256:cbb9175a9bc5f6553f8c0c5025ea9521898b8a3956ee24798dc35c24c6185053 698.35MB / 2.06GB 1897.4s
#10 sha256:cbb9175a9bc5f6553f8c0c5025ea9521898b8a3956ee24798dc35c24c6185053 699.40MB / 2.06GB 1902.5s
#10 sha256:cbb9175a9bc5f6553f8c0c5025ea9521898b8a3956ee24798dc35c24c6185053 701.50MB / 2.06GB 1907.6s
#10 sha256:cbb9175a9bc5f6553f8c0c5025ea9521898b8a3956ee24798dc35c24c6185053 703.59MB / 2.06GB 1912.7s
#10 sha256:cbb9175a9bc5f6553f8c0c5025ea9521898b8a3956ee24798dc35c24c6185053 705.69MB / 2.06GB 1917.8s
#10 sha256:cbb9175a9bc5f6553f8c0c5025ea9521898b8a3956ee24798dc35c24c6185053 707.79MB / 2.06GB 1922.9s
#10 sha256:cbb9175a9bc5f6553f8c0c5025ea9521898b8a3956ee24798dc35c24c6185053 709.89MB / 2.06GB 1928.0s
#10 sha256:cbb9175a9bc5f6553f8c0c5025ea9521898b8a3956ee24798dc35c24c6185053 710.93MB / 2.06GB 1933.1s
#10 sha256:cbb9175a9bc5f6553f8c0c5025ea9521898b8a3956ee24798dc35c24c6185053 713.03MB / 2.06GB 1938.2s
#10 sha256:cbb9175a9bc5f6553f8c0c5025ea9521898b8a3956ee24798dc35c24c6185053 713.03MB / 2.06GB 1943.3s
#10 sha256:cbb9175a9bc5f6553f8c0c5025ea9521898b8a3956ee24798dc35c24c6185053 718.27MB / 2.06GB 1948.4s
#10 sha256:cbb9175a9bc5f6553f8c0c5025ea9521898b8a3956ee24798dc35c24c6185053 721.42MB / 2.06GB 1953.5s
#10 sha256:cbb9175a9bc5f6553f8c0c5025ea9521898b8a3956ee24798dc35c24c6185053 723.52MB / 2.06GB 1958.6s
#10 sha256:cbb9175a9bc5f6553f8c0c5025ea9521898b8a3956ee24798dc35c24c6185053 724.57MB / 2.06GB 1963.7s
#10 sha256:cbb9175a9bc5f6553f8c0c5025ea9521898b8a3956ee24798dc35c24c6185053 726.66MB / 2.06GB 1968.8s
#10 sha256:cbb9175a9bc5f6553f8c0c5025ea9521898b8a3956ee24798dc35c24c6185053 727.71MB / 2.06GB 1973.9s
#10 sha256:cbb9175a9bc5f6553f8c0c5025ea9521898b8a3956ee24798dc35c24c6185053 731.91MB / 2.06GB 1979.0s
#10 sha256:cbb9175a9bc5f6553f8c0c5025ea9521898b8a3956ee24798dc35c24c6185053 734.00MB / 2.06GB 1984.1s
#10 sha256:cbb9175a9bc5f6553f8c0c5025ea9521898b8a3956ee24798dc35c24c6185053 737.15MB / 2.06GB 1989.2s
#10 sha256:cbb9175a9bc5f6553f8c0c5025ea9521898b8a3956ee24798dc35c24c6185053 739.25MB / 2.06GB 1994.3s
#10 sha256:cbb9175a9bc5f6553f8c0c5025ea9521898b8a3956ee24798dc35c24c6185053 741.34MB / 2.06GB 1999.4s
#10 sha256:cbb9175a9bc5f6553f8c0c5025ea9521898b8a3956ee24798dc35c24c6185053 743.44MB / 2.06GB 2004.5s
#10 sha256:cbb9175a9bc5f6553f8c0c5025ea9521898b8a3956ee24798dc35c24c6185053 745.54MB / 2.06GB 2009.6s
#10 sha256:cbb9175a9bc5f6553f8c0c5025ea9521898b8a3956ee24798dc35c24c6185053 746.59MB / 2.06GB 2014.7s
#10 sha256:cbb9175a9bc5f6553f8c0c5025ea9521898b8a3956ee24798dc35c24c6185053 749.73MB / 2.06GB 2019.8s
#10 sha256:cbb9175a9bc5f6553f8c0c5025ea9521898b8a3956ee24798dc35c24c6185053 749.73MB / 2.06GB 2024.9s
#10 sha256:cbb9175a9bc5f6553f8c0c5025ea9521898b8a3956ee24798dc35c24c6185053 752.88MB / 2.06GB 2030.0s
#10 sha256:cbb9175a9bc5f6553f8c0c5025ea9521898b8a3956ee24798dc35c24c6185053 756.02MB / 2.06GB 2035.1s
#10 sha256:cbb9175a9bc5f6553f8c0c5025ea9521898b8a3956ee24798dc35c24c6185053 757.07MB / 2.06GB 2040.2s
#10 sha256:cbb9175a9bc5f6553f8c0c5025ea9521898b8a3956ee24798dc35c24c6185053 760.22MB / 2.06GB 2045.3s
#10 sha256:cbb9175a9bc5f6553f8c0c5025ea9521898b8a3956ee24798dc35c24c6185053 762.31MB / 2.06GB 2050.4s
#10 sha256:cbb9175a9bc5f6553f8c0c5025ea9521898b8a3956ee24798dc35c24c6185053 763.36MB / 2.06GB 2055.5s
#10 sha256:cbb9175a9bc5f6553f8c0c5025ea9521898b8a3956ee24798dc35c24c6185053 765.46MB / 2.06GB 2060.6s
#10 sha256:cbb9175a9bc5f6553f8c0c5025ea9521898b8a3956ee24798dc35c24c6185053 766.51MB / 2.06GB 2065.7s
#10 sha256:cbb9175a9bc5f6553f8c0c5025ea9521898b8a3956ee24798dc35c24c6185053 768.61MB / 2.06GB 2070.8s
#10 sha256:cbb9175a9bc5f6553f8c0c5025ea9521898b8a3956ee24798dc35c24c6185053 771.75MB / 2.06GB 2075.9s
#10 sha256:cbb9175a9bc5f6553f8c0c5025ea9521898b8a3956ee24798dc35c24c6185053 773.85MB / 2.06GB 2081.0s
#10 sha256:cbb9175a9bc5f6553f8c0c5025ea9521898b8a3956ee24798dc35c24c6185053 774.90MB / 2.06GB 2086.1s
#10 sha256:cbb9175a9bc5f6553f8c0c5025ea9521898b8a3956ee24798dc35c24c6185053 776.99MB / 2.06GB 2091.2s
#10 sha256:cbb9175a9bc5f6553f8c0c5025ea9521898b8a3956ee24798dc35c24c6185053 779.09MB / 2.06GB 2096.3s
#10 sha256:cbb9175a9bc5f6553f8c0c5025ea9521898b8a3956ee24798dc35c24c6185053 781.19MB / 2.06GB 2101.4s
#10 sha256:cbb9175a9bc5f6553f8c0c5025ea9521898b8a3956ee24798dc35c24c6185053 783.29MB / 2.06GB 2106.5s
#10 sha256:cbb9175a9bc5f6553f8c0c5025ea9521898b8a3956ee24798dc35c24c6185053 785.38MB / 2.06GB 2111.6s
#10 sha256:cbb9175a9bc5f6553f8c0c5025ea9521898b8a3956ee24798dc35c24c6185053 786.43MB / 2.06GB 2116.7s
#10 sha256:cbb9175a9bc5f6553f8c0c5025ea9521898b8a3956ee24798dc35c24c6185053 787.48MB / 2.06GB 2121.8s
#10 sha256:cbb9175a9bc5f6553f8c0c5025ea9521898b8a3956ee24798dc35c24c6185053 788.53MB / 2.06GB 2126.9s
#10 sha256:cbb9175a9bc5f6553f8c0c5025ea9521898b8a3956ee24798dc35c24c6185053 789.58MB / 2.06GB 2132.0s
#10 sha256:cbb9175a9bc5f6553f8c0c5025ea9521898b8a3956ee24798dc35c24c6185053 790.63MB / 2.06GB 2137.1s
#10 sha256:cbb9175a9bc5f6553f8c0c5025ea9521898b8a3956ee24798dc35c24c6185053 790.63MB / 2.06GB 2142.2s
#10 sha256:cbb9175a9bc5f6553f8c0c5025ea9521898b8a3956ee24798dc35c24c6185053 793.77MB / 2.06GB 2147.3s
#10 sha256:cbb9175a9bc5f6553f8c0c5025ea9521898b8a3956ee24798dc35c24c6185053 795.87MB / 2.06GB 2152.4s
#10 sha256:cbb9175a9bc5f6553f8c0c5025ea9521898b8a3956ee24798dc35c24c6185053 796.92MB / 2.06GB 2157.5s
#10 sha256:cbb9175a9bc5f6553f8c0c5025ea9521898b8a3956ee24798dc35c24c6185053 797.97MB / 2.06GB 2162.6s
#10 sha256:cbb9175a9bc5f6553f8c0c5025ea9521898b8a3956ee24798dc35c24c6185053 800.06MB / 2.06GB 2167.7s
#10 sha256:cbb9175a9bc5f6553f8c0c5025ea9521898b8a3956ee24798dc35c24c6185053 802.16MB / 2.06GB 2172.8s
#10 sha256:cbb9175a9bc5f6553f8c0c5025ea9521898b8a3956ee24798dc35c24c6185053 804.26MB / 2.06GB 2177.9s
#10 sha256:cbb9175a9bc5f6553f8c0c5025ea9521898b8a3956ee24798dc35c24c6185053 805.31MB / 2.06GB 2183.0s
#10 sha256:cbb9175a9bc5f6553f8c0c5025ea9521898b8a3956ee24798dc35c24c6185053 807.40MB / 2.06GB 2188.1s
#10 sha256:cbb9175a9bc5f6553f8c0c5025ea9521898b8a3956ee24798dc35c24c6185053 808.45MB / 2.06GB 2193.2s
#10 sha256:cbb9175a9bc5f6553f8c0c5025ea9521898b8a3956ee24798dc35c24c6185053 809.50MB / 2.06GB 2198.3s
#10 sha256:cbb9175a9bc5f6553f8c0c5025ea9521898b8a3956ee24798dc35c24c6185053 811.60MB / 2.06GB 2203.4s
#10 sha256:cbb9175a9bc5f6553f8c0c5025ea9521898b8a3956ee24798dc35c24c6185053 813.69MB / 2.06GB 2208.5s
#10 sha256:cbb9175a9bc5f6553f8c0c5025ea9521898b8a3956ee24798dc35c24c6185053 814.74MB / 2.06GB 2213.6s
#10 sha256:cbb9175a9bc5f6553f8c0c5025ea9521898b8a3956ee24798dc35c24c6185053 816.84MB / 2.06GB 2218.7s
#10 sha256:cbb9175a9bc5f6553f8c0c5025ea9521898b8a3956ee24798dc35c24c6185053 817.89MB / 2.06GB 2223.8s
#10 sha256:cbb9175a9bc5f6553f8c0c5025ea9521898b8a3956ee24798dc35c24c6185053 819.99MB / 2.06GB 2228.9s
#10 sha256:cbb9175a9bc5f6553f8c0c5025ea9521898b8a3956ee24798dc35c24c6185053 822.08MB / 2.06GB 2234.0s
#10 sha256:cbb9175a9bc5f6553f8c0c5025ea9521898b8a3956ee24798dc35c24c6185053 822.08MB / 2.06GB 2239.1s
#10 sha256:cbb9175a9bc5f6553f8c0c5025ea9521898b8a3956ee24798dc35c24c6185053 823.13MB / 2.06GB 2244.2s
#10 sha256:cbb9175a9bc5f6553f8c0c5025ea9521898b8a3956ee24798dc35c24c6185053 824.18MB / 2.06GB 2249.3s
#10 sha256:cbb9175a9bc5f6553f8c0c5025ea9521898b8a3956ee24798dc35c24c6185053 824.18MB / 2.06GB 2254.4s
#10 sha256:cbb9175a9bc5f6553f8c0c5025ea9521898b8a3956ee24798dc35c24c6185053 824.18MB / 2.06GB 2259.5s
#10 sha256:cbb9175a9bc5f6553f8c0c5025ea9521898b8a3956ee24798dc35c24c6185053 825.23MB / 2.06GB 2264.6s
#10 sha256:cbb9175a9bc5f6553f8c0c5025ea9521898b8a3956ee24798dc35c24c6185053 827.33MB / 2.06GB 2269.7s
#10 sha256:cbb9175a9bc5f6553f8c0c5025ea9521898b8a3956ee24798dc35c24c6185053 828.38MB / 2.06GB 2274.8s
#10 sha256:cbb9175a9bc5f6553f8c0c5025ea9521898b8a3956ee24798dc35c24c6185053 830.47MB / 2.06GB 2279.9s
#10 sha256:cbb9175a9bc5f6553f8c0c5025ea9521898b8a3956ee24798dc35c24c6185053 831.52MB / 2.06GB 2285.0s
#10 sha256:cbb9175a9bc5f6553f8c0c5025ea9521898b8a3956ee24798dc35c24c6185053 833.62MB / 2.06GB 2290.1s
#10 sha256:cbb9175a9bc5f6553f8c0c5025ea9521898b8a3956ee24798dc35c24c6185053 834.67MB / 2.06GB 2295.2s
#10 sha256:cbb9175a9bc5f6553f8c0c5025ea9521898b8a3956ee24798dc35c24c6185053 835.72MB / 2.06GB 2300.3s
#10 sha256:cbb9175a9bc5f6553f8c0c5025ea9521898b8a3956ee24798dc35c24c6185053 837.81MB / 2.06GB 2305.4s
#10 sha256:cbb9175a9bc5f6553f8c0c5025ea9521898b8a3956ee24798dc35c24c6185053 838.86MB / 2.06GB 2310.5s
#10 sha256:cbb9175a9bc5f6553f8c0c5025ea9521898b8a3956ee24798dc35c24c6185053 840.96MB / 2.06GB 2315.6s
#10 sha256:cbb9175a9bc5f6553f8c0c5025ea9521898b8a3956ee24798dc35c24c6185053 842.01MB / 2.06GB 2320.7s
#10 sha256:cbb9175a9bc5f6553f8c0c5025ea9521898b8a3956ee24798dc35c24c6185053 844.10MB / 2.06GB 2325.8s
#10 sha256:cbb9175a9bc5f6553f8c0c5025ea9521898b8a3956ee24798dc35c24c6185053 845.15MB / 2.06GB 2330.9s
#10 sha256:cbb9175a9bc5f6553f8c0c5025ea9521898b8a3956ee24798dc35c24c6185053 847.25MB / 2.06GB 2336.0s
#10 sha256:cbb9175a9bc5f6553f8c0c5025ea9521898b8a3956ee24798dc35c24c6185053 848.30MB / 2.06GB 2341.1s
#10 sha256:cbb9175a9bc5f6553f8c0c5025ea9521898b8a3956ee24798dc35c24c6185053 849.35MB / 2.06GB 2346.2s
#10 sha256:cbb9175a9bc5f6553f8c0c5025ea9521898b8a3956ee24798dc35c24c6185053 851.44MB / 2.06GB 2351.3s
#10 sha256:cbb9175a9bc5f6553f8c0c5025ea9521898b8a3956ee24798dc35c24c6185053 853.54MB / 2.06GB 2356.4s
#10 sha256:cbb9175a9bc5f6553f8c0c5025ea9521898b8a3956ee24798dc35c24c6185053 853.54MB / 2.06GB 2361.5s
#10 sha256:cbb9175a9bc5f6553f8c0c5025ea9521898b8a3956ee24798dc35c24c6185053 853.54MB / 2.06GB 2366.6s
#10 sha256:cbb9175a9bc5f6553f8c0c5025ea9521898b8a3956ee24798dc35c24c6185053 854.59MB / 2.06GB 2371.7s
#10 sha256:cbb9175a9bc5f6553f8c0c5025ea9521898b8a3956ee24798dc35c24c6185053 856.69MB / 2.06GB 2376.8s
#10 sha256:cbb9175a9bc5f6553f8c0c5025ea9521898b8a3956ee24798dc35c24c6185053 857.74MB / 2.06GB 2381.9s
#10 sha256:cbb9175a9bc5f6553f8c0c5025ea9521898b8a3956ee24798dc35c24c6185053 859.83MB / 2.06GB 2387.0s
#10 sha256:cbb9175a9bc5f6553f8c0c5025ea9521898b8a3956ee24798dc35c24c6185053 860.88MB / 2.06GB 2392.1s
#10 sha256:cbb9175a9bc5f6553f8c0c5025ea9521898b8a3956ee24798dc35c24c6185053 862.98MB / 2.06GB 2397.2s
#10 sha256:cbb9175a9bc5f6553f8c0c5025ea9521898b8a3956ee24798dc35c24c6185053 864.03MB / 2.06GB 2402.3s
#10 sha256:cbb9175a9bc5f6553f8c0c5025ea9521898b8a3956ee24798dc35c24c6185053 866.12MB / 2.06GB 2407.4s
#10 sha256:cbb9175a9bc5f6553f8c0c5025ea9521898b8a3956ee24798dc35c24c6185053 867.17MB / 2.06GB 2412.5s
#10 sha256:cbb9175a9bc5f6553f8c0c5025ea9521898b8a3956ee24798dc35c24c6185053 869.27MB / 2.06GB 2417.6s
#10 sha256:cbb9175a9bc5f6553f8c0c5025ea9521898b8a3956ee24798dc35c24c6185053 871.37MB / 2.06GB 2422.7s
#10 sha256:cbb9175a9bc5f6553f8c0c5025ea9521898b8a3956ee24798dc35c24c6185053 872.42MB / 2.06GB 2427.8s
#10 sha256:cbb9175a9bc5f6553f8c0c5025ea9521898b8a3956ee24798dc35c24c6185053 874.51MB / 2.06GB 2432.9s
#10 sha256:cbb9175a9bc5f6553f8c0c5025ea9521898b8a3956ee24798dc35c24c6185053 876.61MB / 2.06GB 2438.0s
#10 sha256:cbb9175a9bc5f6553f8c0c5025ea9521898b8a3956ee24798dc35c24c6185053 877.66MB / 2.06GB 2443.1s
#10 sha256:cbb9175a9bc5f6553f8c0c5025ea9521898b8a3956ee24798dc35c24c6185053 879.76MB / 2.06GB 2448.2s
#10 sha256:cbb9175a9bc5f6553f8c0c5025ea9521898b8a3956ee24798dc35c24c6185053 880.80MB / 2.06GB 2453.3s
#10 sha256:cbb9175a9bc5f6553f8c0c5025ea9521898b8a3956ee24798dc35c24c6185053 882.90MB / 2.06GB 2458.4s
#10 sha256:cbb9175a9bc5f6553f8c0c5025ea9521898b8a3956ee24798dc35c24c6185053 885.00MB / 2.06GB 2463.5s
#10 sha256:cbb9175a9bc5f6553f8c0c5025ea9521898b8a3956ee24798dc35c24c6185053 887.10MB / 2.06GB 2468.6s
#10 sha256:cbb9175a9bc5f6553f8c0c5025ea9521898b8a3956ee24798dc35c24c6185053 888.14MB / 2.06GB 2473.7s
#10 sha256:cbb9175a9bc5f6553f8c0c5025ea9521898b8a3956ee24798dc35c24c6185053 890.24MB / 2.06GB 2478.8s
#10 sha256:cbb9175a9bc5f6553f8c0c5025ea9521898b8a3956ee24798dc35c24c6185053 893.39MB / 2.06GB 2483.9s
#10 sha256:cbb9175a9bc5f6553f8c0c5025ea9521898b8a3956ee24798dc35c24c6185053 897.58MB / 2.06GB 2489.0s
#10 sha256:cbb9175a9bc5f6553f8c0c5025ea9521898b8a3956ee24798dc35c24c6185053 901.78MB / 2.06GB 2494.1s
#10 sha256:cbb9175a9bc5f6553f8c0c5025ea9521898b8a3956ee24798dc35c24c6185053 902.82MB / 2.06GB 2499.2s
#10 sha256:cbb9175a9bc5f6553f8c0c5025ea9521898b8a3956ee24798dc35c24c6185053 903.87MB / 2.06GB 2504.3s
#10 sha256:cbb9175a9bc5f6553f8c0c5025ea9521898b8a3956ee24798dc35c24c6185053 908.07MB / 2.06GB 2509.4s
#10 sha256:cbb9175a9bc5f6553f8c0c5025ea9521898b8a3956ee24798dc35c24c6185053 910.16MB / 2.06GB 2514.5s
#10 sha256:cbb9175a9bc5f6553f8c0c5025ea9521898b8a3956ee24798dc35c24c6185053 912.26MB / 2.06GB 2519.6s
#10 sha256:cbb9175a9bc5f6553f8c0c5025ea9521898b8a3956ee24798dc35c24c6185053 914.36MB / 2.06GB 2524.7s
#10 sha256:cbb9175a9bc5f6553f8c0c5025ea9521898b8a3956ee24798dc35c24c6185053 916.46MB / 2.06GB 2529.8s
#10 sha256:cbb9175a9bc5f6553f8c0c5025ea9521898b8a3956ee24798dc35c24c6185053 918.55MB / 2.06GB 2534.9s
#10 sha256:cbb9175a9bc5f6553f8c0c5025ea9521898b8a3956ee24798dc35c24c6185053 920.65MB / 2.06GB 2540.0s
#10 sha256:cbb9175a9bc5f6553f8c0c5025ea9521898b8a3956ee24798dc35c24c6185053 921.70MB / 2.06GB 2545.1s
#10 sha256:cbb9175a9bc5f6553f8c0c5025ea9521898b8a3956ee24798dc35c24c6185053 923.80MB / 2.06GB 2550.2s
#10 sha256:cbb9175a9bc5f6553f8c0c5025ea9521898b8a3956ee24798dc35c24c6185053 924.84MB / 2.06GB 2555.3s
#10 sha256:cbb9175a9bc5f6553f8c0c5025ea9521898b8a3956ee24798dc35c24c6185053 926.94MB / 2.06GB 2560.4s
#10 sha256:cbb9175a9bc5f6553f8c0c5025ea9521898b8a3956ee24798dc35c24c6185053 929.04MB / 2.06GB 2565.5s
#10 sha256:cbb9175a9bc5f6553f8c0c5025ea9521898b8a3956ee24798dc35c24c6185053 931.14MB / 2.06GB 2570.6s
#10 sha256:cbb9175a9bc5f6553f8c0c5025ea9521898b8a3956ee24798dc35c24c6185053 933.23MB / 2.06GB 2575.7s
#10 sha256:cbb9175a9bc5f6553f8c0c5025ea9521898b8a3956ee24798dc35c24c6185053 934.28MB / 2.06GB 2580.8s
#10 sha256:cbb9175a9bc5f6553f8c0c5025ea9521898b8a3956ee24798dc35c24c6185053 936.38MB / 2.06GB 2585.9s
#10 sha256:cbb9175a9bc5f6553f8c0c5025ea9521898b8a3956ee24798dc35c24c6185053 938.48MB / 2.06GB 2591.0s
#10 sha256:cbb9175a9bc5f6553f8c0c5025ea9521898b8a3956ee24798dc35c24c6185053 940.57MB / 2.06GB 2596.1s
#10 sha256:cbb9175a9bc5f6553f8c0c5025ea9521898b8a3956ee24798dc35c24c6185053 942.67MB / 2.06GB 2601.2s
#10 sha256:cbb9175a9bc5f6553f8c0c5025ea9521898b8a3956ee24798dc35c24c6185053 943.72MB / 2.06GB 2606.3s
#10 sha256:cbb9175a9bc5f6553f8c0c5025ea9521898b8a3956ee24798dc35c24c6185053 945.82MB / 2.06GB 2611.4s
#10 sha256:cbb9175a9bc5f6553f8c0c5025ea9521898b8a3956ee24798dc35c24c6185053 947.91MB / 2.06GB 2616.5s
#10 sha256:cbb9175a9bc5f6553f8c0c5025ea9521898b8a3956ee24798dc35c24c6185053 948.96MB / 2.06GB 2621.6s
#10 sha256:cbb9175a9bc5f6553f8c0c5025ea9521898b8a3956ee24798dc35c24c6185053 950.01MB / 2.06GB 2626.7s
#10 sha256:cbb9175a9bc5f6553f8c0c5025ea9521898b8a3956ee24798dc35c24c6185053 952.11MB / 2.06GB 2631.8s
#10 sha256:cbb9175a9bc5f6553f8c0c5025ea9521898b8a3956ee24798dc35c24c6185053 954.20MB / 2.06GB 2636.9s
#10 sha256:cbb9175a9bc5f6553f8c0c5025ea9521898b8a3956ee24798dc35c24c6185053 956.30MB / 2.06GB 2642.0s
#10 sha256:cbb9175a9bc5f6553f8c0c5025ea9521898b8a3956ee24798dc35c24c6185053 958.40MB / 2.06GB 2647.1s
#10 sha256:cbb9175a9bc5f6553f8c0c5025ea9521898b8a3956ee24798dc35c24c6185053 960.50MB / 2.06GB 2652.2s
#10 sha256:cbb9175a9bc5f6553f8c0c5025ea9521898b8a3956ee24798dc35c24c6185053 961.54MB / 2.06GB 2657.3s
#10 sha256:cbb9175a9bc5f6553f8c0c5025ea9521898b8a3956ee24798dc35c24c6185053 962.59MB / 2.06GB 2662.4s
#10 sha256:cbb9175a9bc5f6553f8c0c5025ea9521898b8a3956ee24798dc35c24c6185053 963.64MB / 2.06GB 2667.5s
#10 sha256:cbb9175a9bc5f6553f8c0c5025ea9521898b8a3956ee24798dc35c24c6185053 965.74MB / 2.06GB 2672.6s
#10 sha256:cbb9175a9bc5f6553f8c0c5025ea9521898b8a3956ee24798dc35c24c6185053 967.84MB / 2.06GB 2677.7s
#10 sha256:cbb9175a9bc5f6553f8c0c5025ea9521898b8a3956ee24798dc35c24c6185053 969.93MB / 2.06GB 2682.8s
#10 sha256:cbb9175a9bc5f6553f8c0c5025ea9521898b8a3956ee24798dc35c24c6185053 970.98MB / 2.06GB 2687.9s
#10 sha256:cbb9175a9bc5f6553f8c0c5025ea9521898b8a3956ee24798dc35c24c6185053 973.08MB / 2.06GB 2693.0s
#10 sha256:cbb9175a9bc5f6553f8c0c5025ea9521898b8a3956ee24798dc35c24c6185053 975.18MB / 2.06GB 2698.1s
#10 sha256:cbb9175a9bc5f6553f8c0c5025ea9521898b8a3956ee24798dc35c24c6185053 976.22MB / 2.06GB 2703.2s
#10 sha256:cbb9175a9bc5f6553f8c0c5025ea9521898b8a3956ee24798dc35c24c6185053 978.32MB / 2.06GB 2708.3s
#10 sha256:cbb9175a9bc5f6553f8c0c5025ea9521898b8a3956ee24798dc35c24c6185053 979.37MB / 2.06GB 2713.4s
#10 sha256:cbb9175a9bc5f6553f8c0c5025ea9521898b8a3956ee24798dc35c24c6185053 981.47MB / 2.06GB 2718.5s
#10 sha256:cbb9175a9bc5f6553f8c0c5025ea9521898b8a3956ee24798dc35c24c6185053 983.56MB / 2.06GB 2723.6s
#10 sha256:cbb9175a9bc5f6553f8c0c5025ea9521898b8a3956ee24798dc35c24c6185053 985.66MB / 2.06GB 2728.7s
#10 sha256:cbb9175a9bc5f6553f8c0c5025ea9521898b8a3956ee24798dc35c24c6185053 986.71MB / 2.06GB 2733.8s
#10 sha256:cbb9175a9bc5f6553f8c0c5025ea9521898b8a3956ee24798dc35c24c6185053 988.81MB / 2.06GB 2738.9s
#10 sha256:cbb9175a9bc5f6553f8c0c5025ea9521898b8a3956ee24798dc35c24c6185053 990.90MB / 2.06GB 2744.0s
#10 sha256:cbb9175a9bc5f6553f8c0c5025ea9521898b8a3956ee24798dc35c24c6185053 993.00MB / 2.06GB 2749.1s
#10 sha256:cbb9175a9bc5f6553f8c0c5025ea9521898b8a3956ee24798dc35c24c6185053 995.10MB / 2.06GB 2754.2s
#10 sha256:cbb9175a9bc5f6553f8c0c5025ea9521898b8a3956ee24798dc35c24c6185053 996.15MB / 2.06GB 2759.3s
#10 sha256:cbb9175a9bc5f6553f8c0c5025ea9521898b8a3956ee24798dc35c24c6185053 998.24MB / 2.06GB 2764.4s
#10 sha256:cbb9175a9bc5f6553f8c0c5025ea9521898b8a3956ee24798dc35c24c6185053 1.00GB / 2.06GB 2769.5s
#10 sha256:cbb9175a9bc5f6553f8c0c5025ea9521898b8a3956ee24798dc35c24c6185053 1.00GB / 2.06GB 2774.6s
#10 sha256:cbb9175a9bc5f6553f8c0c5025ea9521898b8a3956ee24798dc35c24c6185053 1.00GB / 2.06GB 2779.7s
#10 sha256:cbb9175a9bc5f6553f8c0c5025ea9521898b8a3956ee24798dc35c24c6185053 1.01GB / 2.06GB 2784.8s
#10 sha256:cbb9175a9bc5f6553f8c0c5025ea9521898b8a3956ee24798dc35c24c6185053 1.01GB / 2.06GB 2789.9s
#10 sha256:cbb9175a9bc5f6553f8c0c5025ea9521898b8a3956ee24798dc35c24c6185053 1.01GB / 2.06GB 2795.0s
#10 sha256:cbb9175a9bc5f6553f8c0c5025ea9521898b8a3956ee24798dc35c24c6185053 1.01GB / 2.06GB 2800.1s
#10 sha256:cbb9175a9bc5f6553f8c0c5025ea9521898b8a3956ee24798dc35c24c6185053 1.02GB / 2.06GB 2805.2s
#10 sha256:cbb9175a9bc5f6553f8c0c5025ea9521898b8a3956ee24798dc35c24c6185053 1.02GB / 2.06GB 2810.3s
#10 sha256:cbb9175a9bc5f6553f8c0c5025ea9521898b8a3956ee24798dc35c24c6185053 1.02GB / 2.06GB 2815.4s
#10 sha256:cbb9175a9bc5f6553f8c0c5025ea9521898b8a3956ee24798dc35c24c6185053 1.02GB / 2.06GB 2820.5s
#10 sha256:cbb9175a9bc5f6553f8c0c5025ea9521898b8a3956ee24798dc35c24c6185053 1.02GB / 2.06GB 2825.6s
#10 sha256:cbb9175a9bc5f6553f8c0c5025ea9521898b8a3956ee24798dc35c24c6185053 1.03GB / 2.06GB 2830.7s
#10 sha256:cbb9175a9bc5f6553f8c0c5025ea9521898b8a3956ee24798dc35c24c6185053 1.03GB / 2.06GB 2835.8s
#10 sha256:cbb9175a9bc5f6553f8c0c5025ea9521898b8a3956ee24798dc35c24c6185053 1.03GB / 2.06GB 2840.9s
#10 sha256:cbb9175a9bc5f6553f8c0c5025ea9521898b8a3956ee24798dc35c24c6185053 1.03GB / 2.06GB 2846.0s
#10 sha256:cbb9175a9bc5f6553f8c0c5025ea9521898b8a3956ee24798dc35c24c6185053 1.03GB / 2.06GB 2851.1s
#10 sha256:cbb9175a9bc5f6553f8c0c5025ea9521898b8a3956ee24798dc35c24c6185053 1.03GB / 2.06GB 2856.2s
#10 sha256:cbb9175a9bc5f6553f8c0c5025ea9521898b8a3956ee24798dc35c24c6185053 1.04GB / 2.06GB 2861.3s
#10 sha256:cbb9175a9bc5f6553f8c0c5025ea9521898b8a3956ee24798dc35c24c6185053 1.04GB / 2.06GB 2866.4s
#10 sha256:cbb9175a9bc5f6553f8c0c5025ea9521898b8a3956ee24798dc35c24c6185053 1.04GB / 2.06GB 2871.5s
#10 sha256:cbb9175a9bc5f6553f8c0c5025ea9521898b8a3956ee24798dc35c24c6185053 1.04GB / 2.06GB 2876.6s
#10 sha256:cbb9175a9bc5f6553f8c0c5025ea9521898b8a3956ee24798dc35c24c6185053 1.04GB / 2.06GB 2881.7s
#10 sha256:cbb9175a9bc5f6553f8c0c5025ea9521898b8a3956ee24798dc35c24c6185053 1.05GB / 2.06GB 2886.8s
#10 sha256:cbb9175a9bc5f6553f8c0c5025ea9521898b8a3956ee24798dc35c24c6185053 1.05GB / 2.06GB 2891.9s
#10 sha256:cbb9175a9bc5f6553f8c0c5025ea9521898b8a3956ee24798dc35c24c6185053 1.05GB / 2.06GB 2897.0s
#10 sha256:cbb9175a9bc5f6553f8c0c5025ea9521898b8a3956ee24798dc35c24c6185053 1.05GB / 2.06GB 2902.1s
#10 sha256:cbb9175a9bc5f6553f8c0c5025ea9521898b8a3956ee24798dc35c24c6185053 1.05GB / 2.06GB 2907.2s
#10 sha256:cbb9175a9bc5f6553f8c0c5025ea9521898b8a3956ee24798dc35c24c6185053 1.06GB / 2.06GB 2912.3s
#10 sha256:cbb9175a9bc5f6553f8c0c5025ea9521898b8a3956ee24798dc35c24c6185053 1.06GB / 2.06GB 2917.4s
#10 sha256:cbb9175a9bc5f6553f8c0c5025ea9521898b8a3956ee24798dc35c24c6185053 1.06GB / 2.06GB 2922.5s
#10 sha256:cbb9175a9bc5f6553f8c0c5025ea9521898b8a3956ee24798dc35c24c6185053 1.06GB / 2.06GB 2927.6s
#10 sha256:cbb9175a9bc5f6553f8c0c5025ea9521898b8a3956ee24798dc35c24c6185053 1.06GB / 2.06GB 2932.7s
#10 sha256:cbb9175a9bc5f6553f8c0c5025ea9521898b8a3956ee24798dc35c24c6185053 1.07GB / 2.06GB 2937.8s
#10 sha256:cbb9175a9bc5f6553f8c0c5025ea9521898b8a3956ee24798dc35c24c6185053 1.07GB / 2.06GB 2942.9s
#10 sha256:cbb9175a9bc5f6553f8c0c5025ea9521898b8a3956ee24798dc35c24c6185053 1.07GB / 2.06GB 2948.0s
#10 sha256:cbb9175a9bc5f6553f8c0c5025ea9521898b8a3956ee24798dc35c24c6185053 1.07GB / 2.06GB 2953.1s
#10 sha256:cbb9175a9bc5f6553f8c0c5025ea9521898b8a3956ee24798dc35c24c6185053 1.07GB / 2.06GB 2958.2s
#10 sha256:cbb9175a9bc5f6553f8c0c5025ea9521898b8a3956ee24798dc35c24c6185053 1.07GB / 2.06GB 2963.3s
#10 sha256:cbb9175a9bc5f6553f8c0c5025ea9521898b8a3956ee24798dc35c24c6185053 1.08GB / 2.06GB 2968.4s
#10 sha256:cbb9175a9bc5f6553f8c0c5025ea9521898b8a3956ee24798dc35c24c6185053 1.08GB / 2.06GB 2973.5s
#10 sha256:cbb9175a9bc5f6553f8c0c5025ea9521898b8a3956ee24798dc35c24c6185053 1.08GB / 2.06GB 2978.6s
#10 sha256:cbb9175a9bc5f6553f8c0c5025ea9521898b8a3956ee24798dc35c24c6185053 1.08GB / 2.06GB 2983.7s
#10 sha256:cbb9175a9bc5f6553f8c0c5025ea9521898b8a3956ee24798dc35c24c6185053 1.09GB / 2.06GB 2988.8s
#10 sha256:cbb9175a9bc5f6553f8c0c5025ea9521898b8a3956ee24798dc35c24c6185053 1.09GB / 2.06GB 2993.9s
#10 sha256:cbb9175a9bc5f6553f8c0c5025ea9521898b8a3956ee24798dc35c24c6185053 1.09GB / 2.06GB 2999.0s
#10 sha256:cbb9175a9bc5f6553f8c0c5025ea9521898b8a3956ee24798dc35c24c6185053 1.09GB / 2.06GB 3004.1s
#10 sha256:cbb9175a9bc5f6553f8c0c5025ea9521898b8a3956ee24798dc35c24c6185053 1.09GB / 2.06GB 3009.2s
#10 sha256:cbb9175a9bc5f6553f8c0c5025ea9521898b8a3956ee24798dc35c24c6185053 1.09GB / 2.06GB 3014.3s
#10 sha256:cbb9175a9bc5f6553f8c0c5025ea9521898b8a3956ee24798dc35c24c6185053 1.10GB / 2.06GB 3019.4s
#10 sha256:cbb9175a9bc5f6553f8c0c5025ea9521898b8a3956ee24798dc35c24c6185053 1.10GB / 2.06GB 3024.5s
#10 sha256:cbb9175a9bc5f6553f8c0c5025ea9521898b8a3956ee24798dc35c24c6185053 1.10GB / 2.06GB 3029.6s
#10 sha256:cbb9175a9bc5f6553f8c0c5025ea9521898b8a3956ee24798dc35c24c6185053 1.10GB / 2.06GB 3034.7s
#10 sha256:cbb9175a9bc5f6553f8c0c5025ea9521898b8a3956ee24798dc35c24c6185053 1.10GB / 2.06GB 3039.8s
#10 sha256:cbb9175a9bc5f6553f8c0c5025ea9521898b8a3956ee24798dc35c24c6185053 1.11GB / 2.06GB 3044.9s
#10 sha256:cbb9175a9bc5f6553f8c0c5025ea9521898b8a3956ee24798dc35c24c6185053 1.11GB / 2.06GB 3050.0s
#10 sha256:cbb9175a9bc5f6553f8c0c5025ea9521898b8a3956ee24798dc35c24c6185053 1.11GB / 2.06GB 3055.1s
#10 sha256:cbb9175a9bc5f6553f8c0c5025ea9521898b8a3956ee24798dc35c24c6185053 1.11GB / 2.06GB 3060.2s
#10 sha256:cbb9175a9bc5f6553f8c0c5025ea9521898b8a3956ee24798dc35c24c6185053 1.11GB / 2.06GB 3065.3s
#10 sha256:cbb9175a9bc5f6553f8c0c5025ea9521898b8a3956ee24798dc35c24c6185053 1.12GB / 2.06GB 3070.4s
#10 sha256:cbb9175a9bc5f6553f8c0c5025ea9521898b8a3956ee24798dc35c24c6185053 1.12GB / 2.06GB 3075.5s
#10 sha256:cbb9175a9bc5f6553f8c0c5025ea9521898b8a3956ee24798dc35c24c6185053 1.12GB / 2.06GB 3080.6s
#10 sha256:cbb9175a9bc5f6553f8c0c5025ea9521898b8a3956ee24798dc35c24c6185053 1.12GB / 2.06GB 3085.7s
#10 sha256:cbb9175a9bc5f6553f8c0c5025ea9521898b8a3956ee24798dc35c24c6185053 1.12GB / 2.06GB 3090.8s
#10 sha256:cbb9175a9bc5f6553f8c0c5025ea9521898b8a3956ee24798dc35c24c6185053 1.13GB / 2.06GB 3095.9s
#10 sha256:cbb9175a9bc5f6553f8c0c5025ea9521898b8a3956ee24798dc35c24c6185053 1.13GB / 2.06GB 3101.0s
#10 sha256:cbb9175a9bc5f6553f8c0c5025ea9521898b8a3956ee24798dc35c24c6185053 1.13GB / 2.06GB 3106.1s
#10 sha256:cbb9175a9bc5f6553f8c0c5025ea9521898b8a3956ee24798dc35c24c6185053 1.13GB / 2.06GB 3111.2s
#10 sha256:cbb9175a9bc5f6553f8c0c5025ea9521898b8a3956ee24798dc35c24c6185053 1.13GB / 2.06GB 3116.3s
#10 sha256:cbb9175a9bc5f6553f8c0c5025ea9521898b8a3956ee24798dc35c24c6185053 1.14GB / 2.06GB 3121.4s
#10 sha256:cbb9175a9bc5f6553f8c0c5025ea9521898b8a3956ee24798dc35c24c6185053 1.14GB / 2.06GB 3126.5s
#10 sha256:cbb9175a9bc5f6553f8c0c5025ea9521898b8a3956ee24798dc35c24c6185053 1.14GB / 2.06GB 3131.6s
#10 sha256:cbb9175a9bc5f6553f8c0c5025ea9521898b8a3956ee24798dc35c24c6185053 1.14GB / 2.06GB 3136.7s
#10 sha256:cbb9175a9bc5f6553f8c0c5025ea9521898b8a3956ee24798dc35c24c6185053 1.15GB / 2.06GB 3141.8s
#10 sha256:cbb9175a9bc5f6553f8c0c5025ea9521898b8a3956ee24798dc35c24c6185053 1.15GB / 2.06GB 3146.9s
#10 sha256:cbb9175a9bc5f6553f8c0c5025ea9521898b8a3956ee24798dc35c24c6185053 1.15GB / 2.06GB 3152.0s
#10 sha256:cbb9175a9bc5f6553f8c0c5025ea9521898b8a3956ee24798dc35c24c6185053 1.15GB / 2.06GB 3157.1s
#10 sha256:cbb9175a9bc5f6553f8c0c5025ea9521898b8a3956ee24798dc35c24c6185053 1.15GB / 2.06GB 3162.2s
#10 sha256:cbb9175a9bc5f6553f8c0c5025ea9521898b8a3956ee24798dc35c24c6185053 1.15GB / 2.06GB 3167.3s
#10 sha256:cbb9175a9bc5f6553f8c0c5025ea9521898b8a3956ee24798dc35c24c6185053 1.16GB / 2.06GB 3172.4s
#10 sha256:cbb9175a9bc5f6553f8c0c5025ea9521898b8a3956ee24798dc35c24c6185053 1.16GB / 2.06GB 3177.5s
#10 sha256:cbb9175a9bc5f6553f8c0c5025ea9521898b8a3956ee24798dc35c24c6185053 1.16GB / 2.06GB 3182.6s
#10 sha256:cbb9175a9bc5f6553f8c0c5025ea9521898b8a3956ee24798dc35c24c6185053 1.16GB / 2.06GB 3187.7s
#10 sha256:cbb9175a9bc5f6553f8c0c5025ea9521898b8a3956ee24798dc35c24c6185053 1.16GB / 2.06GB 3192.8s
#10 sha256:cbb9175a9bc5f6553f8c0c5025ea9521898b8a3956ee24798dc35c24c6185053 1.17GB / 2.06GB 3197.9s
#10 sha256:cbb9175a9bc5f6553f8c0c5025ea9521898b8a3956ee24798dc35c24c6185053 1.17GB / 2.06GB 3203.0s
#10 sha256:cbb9175a9bc5f6553f8c0c5025ea9521898b8a3956ee24798dc35c24c6185053 1.17GB / 2.06GB 3208.1s
#10 sha256:cbb9175a9bc5f6553f8c0c5025ea9521898b8a3956ee24798dc35c24c6185053 1.17GB / 2.06GB 3213.2s
#10 sha256:cbb9175a9bc5f6553f8c0c5025ea9521898b8a3956ee24798dc35c24c6185053 1.17GB / 2.06GB 3218.3s
#10 sha256:cbb9175a9bc5f6553f8c0c5025ea9521898b8a3956ee24798dc35c24c6185053 1.18GB / 2.06GB 3223.4s
#10 sha256:cbb9175a9bc5f6553f8c0c5025ea9521898b8a3956ee24798dc35c24c6185053 1.18GB / 2.06GB 3228.5s
#10 sha256:cbb9175a9bc5f6553f8c0c5025ea9521898b8a3956ee24798dc35c24c6185053 1.18GB / 2.06GB 3233.6s
#10 sha256:cbb9175a9bc5f6553f8c0c5025ea9521898b8a3956ee24798dc35c24c6185053 1.18GB / 2.06GB 3238.7s
#10 sha256:cbb9175a9bc5f6553f8c0c5025ea9521898b8a3956ee24798dc35c24c6185053 1.18GB / 2.06GB 3243.8s
#10 sha256:cbb9175a9bc5f6553f8c0c5025ea9521898b8a3956ee24798dc35c24c6185053 1.19GB / 2.06GB 3248.9s
#10 sha256:cbb9175a9bc5f6553f8c0c5025ea9521898b8a3956ee24798dc35c24c6185053 1.19GB / 2.06GB 3254.0s
#10 sha256:cbb9175a9bc5f6553f8c0c5025ea9521898b8a3956ee24798dc35c24c6185053 1.19GB / 2.06GB 3259.1s
#10 sha256:cbb9175a9bc5f6553f8c0c5025ea9521898b8a3956ee24798dc35c24c6185053 1.19GB / 2.06GB 3264.2s
#10 sha256:cbb9175a9bc5f6553f8c0c5025ea9521898b8a3956ee24798dc35c24c6185053 1.19GB / 2.06GB 3269.3s
#10 sha256:cbb9175a9bc5f6553f8c0c5025ea9521898b8a3956ee24798dc35c24c6185053 1.20GB / 2.06GB 3274.4s
#10 sha256:cbb9175a9bc5f6553f8c0c5025ea9521898b8a3956ee24798dc35c24c6185053 1.20GB / 2.06GB 3279.5s
#10 sha256:cbb9175a9bc5f6553f8c0c5025ea9521898b8a3956ee24798dc35c24c6185053 1.20GB / 2.06GB 3284.6s
#10 sha256:cbb9175a9bc5f6553f8c0c5025ea9521898b8a3956ee24798dc35c24c6185053 1.20GB / 2.06GB 3289.7s
#10 sha256:cbb9175a9bc5f6553f8c0c5025ea9521898b8a3956ee24798dc35c24c6185053 1.20GB / 2.06GB 3294.8s
#10 sha256:cbb9175a9bc5f6553f8c0c5025ea9521898b8a3956ee24798dc35c24c6185053 1.21GB / 2.06GB 3299.9s
#10 sha256:cbb9175a9bc5f6553f8c0c5025ea9521898b8a3956ee24798dc35c24c6185053 1.21GB / 2.06GB 3305.0s
#10 sha256:cbb9175a9bc5f6553f8c0c5025ea9521898b8a3956ee24798dc35c24c6185053 1.21GB / 2.06GB 3310.1s
#10 sha256:cbb9175a9bc5f6553f8c0c5025ea9521898b8a3956ee24798dc35c24c6185053 1.21GB / 2.06GB 3315.2s
#10 sha256:cbb9175a9bc5f6553f8c0c5025ea9521898b8a3956ee24798dc35c24c6185053 1.21GB / 2.06GB 3320.3s
#10 sha256:cbb9175a9bc5f6553f8c0c5025ea9521898b8a3956ee24798dc35c24c6185053 1.22GB / 2.06GB 3325.4s
#10 sha256:cbb9175a9bc5f6553f8c0c5025ea9521898b8a3956ee24798dc35c24c6185053 1.22GB / 2.06GB 3330.5s
#10 sha256:cbb9175a9bc5f6553f8c0c5025ea9521898b8a3956ee24798dc35c24c6185053 1.22GB / 2.06GB 3335.6s
#10 sha256:cbb9175a9bc5f6553f8c0c5025ea9521898b8a3956ee24798dc35c24c6185053 1.22GB / 2.06GB 3340.7s
#10 sha256:cbb9175a9bc5f6553f8c0c5025ea9521898b8a3956ee24798dc35c24c6185053 1.22GB / 2.06GB 3345.8s
#10 sha256:cbb9175a9bc5f6553f8c0c5025ea9521898b8a3956ee24798dc35c24c6185053 1.23GB / 2.06GB 3350.9s
#10 sha256:cbb9175a9bc5f6553f8c0c5025ea9521898b8a3956ee24798dc35c24c6185053 1.23GB / 2.06GB 3356.0s
#10 sha256:cbb9175a9bc5f6553f8c0c5025ea9521898b8a3956ee24798dc35c24c6185053 1.23GB / 2.06GB 3361.1s
#10 sha256:cbb9175a9bc5f6553f8c0c5025ea9521898b8a3956ee24798dc35c24c6185053 1.23GB / 2.06GB 3366.2s
#10 sha256:cbb9175a9bc5f6553f8c0c5025ea9521898b8a3956ee24798dc35c24c6185053 1.23GB / 2.06GB 3371.3s
#10 sha256:cbb9175a9bc5f6553f8c0c5025ea9521898b8a3956ee24798dc35c24c6185053 1.24GB / 2.06GB 3376.4s
#10 sha256:cbb9175a9bc5f6553f8c0c5025ea9521898b8a3956ee24798dc35c24c6185053 1.24GB / 2.06GB 3381.5s
#10 sha256:cbb9175a9bc5f6553f8c0c5025ea9521898b8a3956ee24798dc35c24c6185053 1.24GB / 2.06GB 3386.6s
#10 sha256:cbb9175a9bc5f6553f8c0c5025ea9521898b8a3956ee24798dc35c24c6185053 1.24GB / 2.06GB 3391.7s
#10 sha256:cbb9175a9bc5f6553f8c0c5025ea9521898b8a3956ee24798dc35c24c6185053 1.24GB / 2.06GB 3396.8s
#10 sha256:cbb9175a9bc5f6553f8c0c5025ea9521898b8a3956ee24798dc35c24c6185053 1.25GB / 2.06GB 3401.9s
#10 sha256:cbb9175a9bc5f6553f8c0c5025ea9521898b8a3956ee24798dc35c24c6185053 1.25GB / 2.06GB 3407.0s
#10 sha256:cbb9175a9bc5f6553f8c0c5025ea9521898b8a3956ee24798dc35c24c6185053 1.25GB / 2.06GB 3412.1s
#10 sha256:cbb9175a9bc5f6553f8c0c5025ea9521898b8a3956ee24798dc35c24c6185053 1.25GB / 2.06GB 3417.2s
#10 sha256:cbb9175a9bc5f6553f8c0c5025ea9521898b8a3956ee24798dc35c24c6185053 1.25GB / 2.06GB 3422.3s
#10 sha256:cbb9175a9bc5f6553f8c0c5025ea9521898b8a3956ee24798dc35c24c6185053 1.26GB / 2.06GB 3427.4s
#10 sha256:cbb9175a9bc5f6553f8c0c5025ea9521898b8a3956ee24798dc35c24c6185053 1.26GB / 2.06GB 3432.5s
#10 sha256:cbb9175a9bc5f6553f8c0c5025ea9521898b8a3956ee24798dc35c24c6185053 1.26GB / 2.06GB 3437.6s
#10 sha256:cbb9175a9bc5f6553f8c0c5025ea9521898b8a3956ee24798dc35c24c6185053 1.26GB / 2.06GB 3442.7s
#10 sha256:cbb9175a9bc5f6553f8c0c5025ea9521898b8a3956ee24798dc35c24c6185053 1.26GB / 2.06GB 3447.8s
#10 sha256:cbb9175a9bc5f6553f8c0c5025ea9521898b8a3956ee24798dc35c24c6185053 1.27GB / 2.06GB 3452.9s
#10 sha256:cbb9175a9bc5f6553f8c0c5025ea9521898b8a3956ee24798dc35c24c6185053 1.27GB / 2.06GB 3458.0s
#10 sha256:cbb9175a9bc5f6553f8c0c5025ea9521898b8a3956ee24798dc35c24c6185053 1.27GB / 2.06GB 3463.1s
#10 sha256:cbb9175a9bc5f6553f8c0c5025ea9521898b8a3956ee24798dc35c24c6185053 1.27GB / 2.06GB 3468.2s
#10 sha256:cbb9175a9bc5f6553f8c0c5025ea9521898b8a3956ee24798dc35c24c6185053 1.27GB / 2.06GB 3473.3s
#10 sha256:cbb9175a9bc5f6553f8c0c5025ea9521898b8a3956ee24798dc35c24c6185053 1.28GB / 2.06GB 3478.4s
#10 sha256:cbb9175a9bc5f6553f8c0c5025ea9521898b8a3956ee24798dc35c24c6185053 1.28GB / 2.06GB 3483.5s
#10 sha256:cbb9175a9bc5f6553f8c0c5025ea9521898b8a3956ee24798dc35c24c6185053 1.28GB / 2.06GB 3488.6s
#10 sha256:cbb9175a9bc5f6553f8c0c5025ea9521898b8a3956ee24798dc35c24c6185053 1.28GB / 2.06GB 3493.7s
#10 sha256:cbb9175a9bc5f6553f8c0c5025ea9521898b8a3956ee24798dc35c24c6185053 1.28GB / 2.06GB 3498.8s
#10 sha256:cbb9175a9bc5f6553f8c0c5025ea9521898b8a3956ee24798dc35c24c6185053 1.29GB / 2.06GB 3503.9s
#10 sha256:cbb9175a9bc5f6553f8c0c5025ea9521898b8a3956ee24798dc35c24c6185053 1.29GB / 2.06GB 3509.0s
#10 sha256:cbb9175a9bc5f6553f8c0c5025ea9521898b8a3956ee24798dc35c24c6185053 1.29GB / 2.06GB 3514.1s
#10 sha256:cbb9175a9bc5f6553f8c0c5025ea9521898b8a3956ee24798dc35c24c6185053 1.29GB / 2.06GB 3519.2s
#10 sha256:cbb9175a9bc5f6553f8c0c5025ea9521898b8a3956ee24798dc35c24c6185053 1.29GB / 2.06GB 3524.3s
#10 sha256:cbb9175a9bc5f6553f8c0c5025ea9521898b8a3956ee24798dc35c24c6185053 1.29GB / 2.06GB 3529.4s
#10 sha256:cbb9175a9bc5f6553f8c0c5025ea9521898b8a3956ee24798dc35c24c6185053 1.30GB / 2.06GB 3534.5s
#10 sha256:cbb9175a9bc5f6553f8c0c5025ea9521898b8a3956ee24798dc35c24c6185053 1.30GB / 2.06GB 3539.6s
#10 sha256:cbb9175a9bc5f6553f8c0c5025ea9521898b8a3956ee24798dc35c24c6185053 1.30GB / 2.06GB 3544.7s
#10 sha256:cbb9175a9bc5f6553f8c0c5025ea9521898b8a3956ee24798dc35c24c6185053 1.30GB / 2.06GB 3549.8s
#10 sha256:cbb9175a9bc5f6553f8c0c5025ea9521898b8a3956ee24798dc35c24c6185053 1.31GB / 2.06GB 3554.9s
#10 sha256:cbb9175a9bc5f6553f8c0c5025ea9521898b8a3956ee24798dc35c24c6185053 1.31GB / 2.06GB 3560.0s
#10 sha256:cbb9175a9bc5f6553f8c0c5025ea9521898b8a3956ee24798dc35c24c6185053 1.31GB / 2.06GB 3565.1s
#10 sha256:cbb9175a9bc5f6553f8c0c5025ea9521898b8a3956ee24798dc35c24c6185053 1.31GB / 2.06GB 3570.2s
#10 sha256:cbb9175a9bc5f6553f8c0c5025ea9521898b8a3956ee24798dc35c24c6185053 1.31GB / 2.06GB 3575.3s
#10 sha256:cbb9175a9bc5f6553f8c0c5025ea9521898b8a3956ee24798dc35c24c6185053 1.31GB / 2.06GB 3580.4s
#10 sha256:cbb9175a9bc5f6553f8c0c5025ea9521898b8a3956ee24798dc35c24c6185053 1.32GB / 2.06GB 3585.5s
#10 sha256:cbb9175a9bc5f6553f8c0c5025ea9521898b8a3956ee24798dc35c24c6185053 1.32GB / 2.06GB 3590.6s
#10 sha256:cbb9175a9bc5f6553f8c0c5025ea9521898b8a3956ee24798dc35c24c6185053 1.32GB / 2.06GB 3595.7s
#10 sha256:cbb9175a9bc5f6553f8c0c5025ea9521898b8a3956ee24798dc35c24c6185053 1.32GB / 2.06GB 3600.8s
#10 sha256:cbb9175a9bc5f6553f8c0c5025ea9521898b8a3956ee24798dc35c24c6185053 1.32GB / 2.06GB 3605.9s
#10 sha256:cbb9175a9bc5f6553f8c0c5025ea9521898b8a3956ee24798dc35c24c6185053 1.33GB / 2.06GB 3611.0s
#10 sha256:cbb9175a9bc5f6553f8c0c5025ea9521898b8a3956ee24798dc35c24c6185053 1.33GB / 2.06GB 3616.1s
