=== row G: {'mcs': 320, 'mct': 6, 'mtp': True, 'cq': 3, 'ndt': 2} ===
 -- CPU split experts (worker, dynamic): model.language_model.layers.0.mlp [192..512) of 512
 -- CPU split experts (worker, dynamic): model.language_model.layers.1.mlp [192..512) of 512
 -- CPU split experts (worker, dynamic): model.language_model.layers.2.mlp [192..512) of 512
 -- CPU split experts (worker, dynamic): model.language_model.layers.3.mlp [192..512) of 512
 -- CPU split experts (worker, dynamic): model.language_model.layers.4.mlp [192..512) of 512
 -- CPU split experts (worker, dynamic): model.language_model.layers.5.mlp [192..512) of 512
 -- CPU split experts (worker, dynamic): model.language_model.layers.6.mlp [192..512) of 512
 -- CPU split experts (worker, dynamic): model.language_model.layers.7.mlp [192..512) of 512
 -- CPU split experts (worker, dynamic): model.language_model.layers.8.mlp [192..512) of 512
 -- CPU split experts (worker, dynamic): model.language_model.layers.9.mlp [192..512) of 512
 -- CPU split experts (worker, dynamic): model.language_model.layers.10.mlp [192..512) of 512
 -- CPU split experts (worker, dynamic): model.language_model.layers.11.mlp [192..512) of 512
 -- CPU split experts (worker, dynamic): model.language_model.layers.12.mlp [192..512) of 512
 -- CPU split experts (worker, dynamic): model.language_model.layers.13.mlp [192..512) of 512
 -- CPU split experts (worker, dynamic): model.language_model.layers.14.mlp [192..512) of 512
 -- CPU split experts (worker, dynamic): model.language_model.layers.15.mlp [192..512) of 512
 -- CPU split experts (worker, dynamic): model.language_model.layers.16.mlp [192..512) of 512
 -- CPU split experts (worker, dynamic): model.language_model.layers.17.mlp [192..512) of 512
 -- CPU split experts (worker, dynamic): model.language_model.layers.18.mlp [192..512) of 512
 -- CPU split experts (worker, dynamic): model.language_model.layers.19.mlp [192..512) of 512
 -- CPU split experts (worker, dynamic): model.language_model.layers.20.mlp [192..512) of 512
 -- CPU split experts (worker, dynamic): model.language_model.layers.21.mlp [192..512) of 512
 -- CPU split experts (worker, dynamic): model.language_model.layers.22.mlp [192..512) of 512
 -- CPU split experts (worker, dynamic): model.language_model.layers.23.mlp [192..512) of 512
 -- CPU split experts (worker, dynamic): model.language_model.layers.24.mlp [192..512) of 512
 -- CPU split experts (worker, dynamic): model.language_model.layers.25.mlp [192..512) of 512
 -- CPU split experts (worker, dynamic): model.language_model.layers.26.mlp [192..512) of 512
 -- CPU split experts (worker, dynamic): model.language_model.layers.27.mlp [192..512) of 512
 -- CPU split experts (worker, dynamic): model.language_model.layers.28.mlp [192..512) of 512
 -- CPU split experts (worker, dynamic): model.language_model.layers.29.mlp [192..512) of 512
 -- CPU split experts (worker, dynamic): model.language_model.layers.30.mlp [192..512) of 512
 -- CPU split experts (worker, dynamic): model.language_model.layers.31.mlp [192..512) of 512
 -- CPU split experts (worker, dynamic): model.language_model.layers.32.mlp [192..512) of 512
 -- CPU split experts (worker, dynamic): model.language_model.layers.33.mlp [192..512) of 512
 -- CPU split experts (worker, dynamic): model.language_model.layers.34.mlp [192..512) of 512
 -- CPU split experts (worker, dynamic): model.language_model.layers.35.mlp [192..512) of 512
 -- CPU split experts (worker, dynamic): model.language_model.layers.36.mlp [192..512) of 512
 -- CPU split experts (worker, dynamic): model.language_model.layers.37.mlp [192..512) of 512
 -- CPU split experts (worker, dynamic): model.language_model.layers.38.mlp [192..512) of 512
 -- CPU split experts (worker, dynamic): model.language_model.layers.39.mlp [192..512) of 512
 -- CPU split experts (worker, dynamic): model.language_model.layers.40.mlp [192..512) of 512
 -- CPU split experts (worker, dynamic): model.language_model.layers.41.mlp [192..512) of 512
 -- CPU split experts (worker, dynamic): model.language_model.layers.42.mlp [192..512) of 512
 -- CPU split experts (worker, dynamic): model.language_model.layers.43.mlp [192..512) of 512
 -- CPU split experts (worker, dynamic): model.language_model.layers.44.mlp [192..512) of 512
 -- CPU split experts (worker, dynamic): model.language_model.layers.45.mlp [192..512) of 512
 -- CPU split experts (worker, dynamic): model.language_model.layers.46.mlp [192..512) of 512
 -- CPU split experts (worker, dynamic): model.language_model.layers.47.mlp [192..512) of 512
 -- CPU MoE worker started: 48 layers, avx512-vbmi, 6 threads
 -- CPU split experts (worker, dynamic): mtp.layers.0.mlp [192..512) of 512
 -- CPU MoE worker started: 1 layers, avx512-vbmi, 6 threads
[sweep] 'What is 17*23? Show the multip' -> 128 tok, 48.44 tok/s
[sweep] 'Explain in detail how a refrig' -> 128 tok, 31.75 tok/s
[sweep] 'Write a short story about a li' -> 128 tok, 34.02 tok/s
[sweep] 'Summarize the main causes of t' -> 128 tok, 41.0 tok/s
[sweep] 'Write a Python function that r' -> 128 tok, 25.55 tok/s
PERF_ROW_JSON:{"row": "G", "config": {"mcs": 320, "mct": 6, "mtp": true, "cq": 3, "ndt": 2}, "load_s": 31.6, "ttft_256tok_s": 4.359, "mean_tok_per_s": 36.15, "vram_used_gb": 22.4, "results": [{"prompt": "What is 17*23? Show the multiplication s", "new_tokens": 128, "seconds": 2.64, "tok_per_s": 48.44}, {"prompt": "Explain in detail how a refrigerator wor", "new_tokens": 128, "seconds": 4.03, "tok_per_s": 31.75}, {"prompt": "Write a short story about a lighthouse k", "new_tokens": 128, "seconds": 3.76, "tok_per_s": 34.02}, {"prompt": "Summarize the main causes of the French ", "new_tokens": 128, "seconds": 3.12, "tok_per_s": 41.0}, {"prompt": "Write a Python function that reverses a ", "new_tokens": 128, "seconds": 5.01, "tok_per_s": 25.55}]}
/home/am/.local/lib/python3.14/site-packages/torch/cuda/__init__.py:65: FutureWarning: The pynvml package is deprecated. Please install nvidia-ml-py instead. If you did not install pynvml directly, please report this to the maintainers of the package that installed pynvml for you.
  import pynvml  # type: ignore[import]
/home/am/.local/lib/python3.14/site-packages/torch/cuda/__init__.py:65: FutureWarning: The pynvml package is deprecated. Please install nvidia-ml-py instead. If you did not install pynvml directly, please report this to the maintainers of the package that installed pynvml for you.
  import pynvml  # type: ignore[import]
/home/am/.local/lib/python3.14/site-packages/torch/cuda/__init__.py:65: FutureWarning: The pynvml package is deprecated. Please install nvidia-ml-py instead. If you did not install pynvml directly, please report this to the maintainers of the package that installed pynvml for you.
  import pynvml  # type: ignore[import]
=== row G done in 64.7s: 36.15 tok/s ===
=== row H: {'mcs': 320, 'mct': 6, 'mtp': True, 'cq': 3, 'ndt': 3} ===
 -- CPU split experts (worker, dynamic): model.language_model.layers.0.mlp [192..512) of 512
 -- CPU split experts (worker, dynamic): model.language_model.layers.1.mlp [192..512) of 512
 -- CPU split experts (worker, dynamic): model.language_model.layers.2.mlp [192..512) of 512
 -- CPU split experts (worker, dynamic): model.language_model.layers.3.mlp [192..512) of 512
 -- CPU split experts (worker, dynamic): model.language_model.layers.4.mlp [192..512) of 512
 -- CPU split experts (worker, dynamic): model.language_model.layers.5.mlp [192..512) of 512
 -- CPU split experts (worker, dynamic): model.language_model.layers.6.mlp [192..512) of 512
 -- CPU split experts (worker, dynamic): model.language_model.layers.7.mlp [192..512) of 512
 -- CPU split experts (worker, dynamic): model.language_model.layers.8.mlp [192..512) of 512
 -- CPU split experts (worker, dynamic): model.language_model.layers.9.mlp [192..512) of 512
 -- CPU split experts (worker, dynamic): model.language_model.layers.10.mlp [192..512) of 512
 -- CPU split experts (worker, dynamic): model.language_model.layers.11.mlp [192..512) of 512
 -- CPU split experts (worker, dynamic): model.language_model.layers.12.mlp [192..512) of 512
 -- CPU split experts (worker, dynamic): model.language_model.layers.13.mlp [192..512) of 512
 -- CPU split experts (worker, dynamic): model.language_model.layers.14.mlp [192..512) of 512
 -- CPU split experts (worker, dynamic): model.language_model.layers.15.mlp [192..512) of 512
 -- CPU split experts (worker, dynamic): model.language_model.layers.16.mlp [192..512) of 512
 -- CPU split experts (worker, dynamic): model.language_model.layers.17.mlp [192..512) of 512
 -- CPU split experts (worker, dynamic): model.language_model.layers.18.mlp [192..512) of 512
 -- CPU split experts (worker, dynamic): model.language_model.layers.19.mlp [192..512) of 512
 -- CPU split experts (worker, dynamic): model.language_model.layers.20.mlp [192..512) of 512
 -- CPU split experts (worker, dynamic): model.language_model.layers.21.mlp [192..512) of 512
 -- CPU split experts (worker, dynamic): model.language_model.layers.22.mlp [192..512) of 512
 -- CPU split experts (worker, dynamic): model.language_model.layers.23.mlp [192..512) of 512
 -- CPU split experts (worker, dynamic): model.language_model.layers.24.mlp [192..512) of 512
 -- CPU split experts (worker, dynamic): model.language_model.layers.25.mlp [192..512) of 512
 -- CPU split experts (worker, dynamic): model.language_model.layers.26.mlp [192..512) of 512
 -- CPU split experts (worker, dynamic): model.language_model.layers.27.mlp [192..512) of 512
 -- CPU split experts (worker, dynamic): model.language_model.layers.28.mlp [192..512) of 512
 -- CPU split experts (worker, dynamic): model.language_model.layers.29.mlp [192..512) of 512
 -- CPU split experts (worker, dynamic): model.language_model.layers.30.mlp [192..512) of 512
 -- CPU split experts (worker, dynamic): model.language_model.layers.31.mlp [192..512) of 512
 -- CPU split experts (worker, dynamic): model.language_model.layers.32.mlp [192..512) of 512
 -- CPU split experts (worker, dynamic): model.language_model.layers.33.mlp [192..512) of 512
 -- CPU split experts (worker, dynamic): model.language_model.layers.34.mlp [192..512) of 512
 -- CPU split experts (worker, dynamic): model.language_model.layers.35.mlp [192..512) of 512
 -- CPU split experts (worker, dynamic): model.language_model.layers.36.mlp [192..512) of 512
 -- CPU split experts (worker, dynamic): model.language_model.layers.37.mlp [192..512) of 512
 -- CPU split experts (worker, dynamic): model.language_model.layers.38.mlp [192..512) of 512
 -- CPU split experts (worker, dynamic): model.language_model.layers.39.mlp [192..512) of 512
 -- CPU split experts (worker, dynamic): model.language_model.layers.40.mlp [192..512) of 512
 -- CPU split experts (worker, dynamic): model.language_model.layers.41.mlp [192..512) of 512
 -- CPU split experts (worker, dynamic): model.language_model.layers.42.mlp [192..512) of 512
 -- CPU split experts (worker, dynamic): model.language_model.layers.43.mlp [192..512) of 512
 -- CPU split experts (worker, dynamic): model.language_model.layers.44.mlp [192..512) of 512
 -- CPU split experts (worker, dynamic): model.language_model.layers.45.mlp [192..512) of 512
 -- CPU split experts (worker, dynamic): model.language_model.layers.46.mlp [192..512) of 512
 -- CPU split experts (worker, dynamic): model.language_model.layers.47.mlp [192..512) of 512
 -- CPU MoE worker started: 48 layers, avx512-vbmi, 6 threads
 -- CPU split experts (worker, dynamic): mtp.layers.0.mlp [192..512) of 512
 -- CPU MoE worker started: 1 layers, avx512-vbmi, 6 threads
[sweep] 'What is 17*23? Show the multip' -> 128 tok, 37.62 tok/s
[sweep] 'Explain in detail how a refrig' -> 128 tok, 45.52 tok/s
[sweep] 'Write a short story about a li' -> 128 tok, 18.6 tok/s
[sweep] 'Summarize the main causes of t' -> 128 tok, 38.97 tok/s
[sweep] 'Write a Python function that r' -> 128 tok, 37.29 tok/s
PERF_ROW_JSON:{"row": "H", "config": {"mcs": 320, "mct": 6, "mtp": true, "cq": 3, "ndt": 3}, "load_s": 34.7, "ttft_256tok_s": 1.929, "mean_tok_per_s": 35.6, "vram_used_gb": 22.4, "results": [{"prompt": "What is 17*23? Show the multiplication s", "new_tokens": 128, "seconds": 3.4, "tok_per_s": 37.62}, {"prompt": "Explain in detail how a refrigerator wor", "new_tokens": 128, "seconds": 2.81, "tok_per_s": 45.52}, {"prompt": "Write a short story about a lighthouse k", "new_tokens": 128, "seconds": 6.88, "tok_per_s": 18.6}, {"prompt": "Summarize the main causes of the French ", "new_tokens": 128, "seconds": 3.28, "tok_per_s": 38.97}, {"prompt": "Write a Python function that reverses a ", "new_tokens": 128, "seconds": 3.43, "tok_per_s": 37.29}]}
/home/am/.local/lib/python3.14/site-packages/torch/cuda/__init__.py:65: FutureWarning: The pynvml package is deprecated. Please install nvidia-ml-py instead. If you did not install pynvml directly, please report this to the maintainers of the package that installed pynvml for you.
  import pynvml  # type: ignore[import]
/home/am/.local/lib/python3.14/site-packages/torch/cuda/__init__.py:65: FutureWarning: The pynvml package is deprecated. Please install nvidia-ml-py instead. If you did not install pynvml directly, please report this to the maintainers of the package that installed pynvml for you.
  import pynvml  # type: ignore[import]
/home/am/.local/lib/python3.14/site-packages/torch/cuda/__init__.py:65: FutureWarning: The pynvml package is deprecated. Please install nvidia-ml-py instead. If you did not install pynvml directly, please report this to the maintainers of the package that installed pynvml for you.
  import pynvml  # type: ignore[import]
=== row H done in 67.4s: 35.6 tok/s ===
=== row I: {'mcs': 320, 'mct': 6, 'mtp': True, 'cq': 3, 'env': {'EXL3_MOE_PINNED_ARENA': '1'}} ===
 -- CPU split experts (worker, dynamic): model.language_model.layers.0.mlp [192..512) of 512
 -- CPU split experts (worker, dynamic): model.language_model.layers.1.mlp [192..512) of 512
 -- CPU split experts (worker, dynamic): model.language_model.layers.2.mlp [192..512) of 512
 -- CPU split experts (worker, dynamic): model.language_model.layers.3.mlp [192..512) of 512
 -- CPU split experts (worker, dynamic): model.language_model.layers.4.mlp [192..512) of 512
 -- CPU split experts (worker, dynamic): model.language_model.layers.5.mlp [192..512) of 512
 -- CPU split experts (worker, dynamic): model.language_model.layers.6.mlp [192..512) of 512
 -- CPU split experts (worker, dynamic): model.language_model.layers.7.mlp [192..512) of 512
 -- CPU split experts (worker, dynamic): model.language_model.layers.8.mlp [192..512) of 512
 -- CPU split experts (worker, dynamic): model.language_model.layers.9.mlp [192..512) of 512
 -- CPU split experts (worker, dynamic): model.language_model.layers.10.mlp [192..512) of 512
 -- CPU split experts (worker, dynamic): model.language_model.layers.11.mlp [192..512) of 512
 -- CPU split experts (worker, dynamic): model.language_model.layers.12.mlp [192..512) of 512
 -- CPU split experts (worker, dynamic): model.language_model.layers.13.mlp [192..512) of 512
 -- CPU split experts (worker, dynamic): model.language_model.layers.14.mlp [192..512) of 512
 -- CPU split experts (worker, dynamic): model.language_model.layers.15.mlp [192..512) of 512
 -- CPU split experts (worker, dynamic): model.language_model.layers.16.mlp [192..512) of 512
 -- CPU split experts (worker, dynamic): model.language_model.layers.17.mlp [192..512) of 512
 -- CPU split experts (worker, dynamic): model.language_model.layers.18.mlp [192..512) of 512
 -- CPU split experts (worker, dynamic): model.language_model.layers.19.mlp [192..512) of 512
 -- CPU split experts (worker, dynamic): model.language_model.layers.20.mlp [192..512) of 512
 -- CPU split experts (worker, dynamic): model.language_model.layers.21.mlp [192..512) of 512
 -- CPU split experts (worker, dynamic): model.language_model.layers.22.mlp [192..512) of 512
 -- CPU split experts (worker, dynamic): model.language_model.layers.23.mlp [192..512) of 512
 -- CPU split experts (worker, dynamic): model.language_model.layers.24.mlp [192..512) of 512
 -- CPU split experts (worker, dynamic): model.language_model.layers.25.mlp [192..512) of 512
 -- CPU split experts (worker, dynamic): model.language_model.layers.26.mlp [192..512) of 512
 -- CPU split experts (worker, dynamic): model.language_model.layers.27.mlp [192..512) of 512
 -- CPU split experts (worker, dynamic): model.language_model.layers.28.mlp [192..512) of 512
 -- CPU split experts (worker, dynamic): model.language_model.layers.29.mlp [192..512) of 512
 -- CPU split experts (worker, dynamic): model.language_model.layers.30.mlp [192..512) of 512
 -- CPU split experts (worker, dynamic): model.language_model.layers.31.mlp [192..512) of 512
 -- CPU split experts (worker, dynamic): model.language_model.layers.32.mlp [192..512) of 512
 -- CPU split experts (worker, dynamic): model.language_model.layers.33.mlp [192..512) of 512
 -- CPU split experts (worker, dynamic): model.language_model.layers.34.mlp [192..512) of 512
 -- CPU split experts (worker, dynamic): model.language_model.layers.35.mlp [192..512) of 512
 -- CPU split experts (worker, dynamic): model.language_model.layers.36.mlp [192..512) of 512
 -- CPU split experts (worker, dynamic): model.language_model.layers.37.mlp [192..512) of 512
 -- CPU split experts (worker, dynamic): model.language_model.layers.38.mlp [192..512) of 512
 -- CPU split experts (worker, dynamic): model.language_model.layers.39.mlp [192..512) of 512
 -- CPU split experts (worker, dynamic): model.language_model.layers.40.mlp [192..512) of 512
 -- CPU split experts (worker, dynamic): model.language_model.layers.41.mlp [192..512) of 512
 -- CPU split experts (worker, dynamic): model.language_model.layers.42.mlp [192..512) of 512
 -- CPU split experts (worker, dynamic): model.language_model.layers.43.mlp [192..512) of 512
 -- CPU split experts (worker, dynamic): model.language_model.layers.44.mlp [192..512) of 512
 -- CPU split experts (worker, dynamic): model.language_model.layers.45.mlp [192..512) of 512
 -- CPU split experts (worker, dynamic): model.language_model.layers.46.mlp [192..512) of 512
 -- CPU split experts (worker, dynamic): model.language_model.layers.47.mlp [192..512) of 512
 -- CPU MoE worker started: 48 layers, avx512-vbmi, 6 threads
 -- CPU split experts (worker, dynamic): mtp.layers.0.mlp [192..512) of 512
 -- CPU MoE worker started: 1 layers, avx512-vbmi, 6 threads
[sweep] 'What is 17*23? Show the multip' -> 128 tok, 38.58 tok/s
[sweep] 'Explain in detail how a refrig' -> 128 tok, 40.56 tok/s
[sweep] 'Write a short story about a li' -> 128 tok, 21.85 tok/s
[sweep] 'Summarize the main causes of t' -> 128 tok, 29.85 tok/s
[sweep] 'Write a Python function that r' -> 128 tok, 35.8 tok/s
PERF_ROW_JSON:{"row": "I", "config": {"mcs": 320, "mct": 6, "mtp": true, "cq": 3, "ndt": null}, "load_s": 41.5, "ttft_256tok_s": 1.649, "mean_tok_per_s": 33.33, "vram_used_gb": 22.45, "results": [{"prompt": "What is 17*23? Show the multiplication s", "new_tokens": 128, "seconds": 3.32, "tok_per_s": 38.58}, {"prompt": "Explain in detail how a refrigerator wor", "new_tokens": 128, "seconds": 3.16, "tok_per_s": 40.56}, {"prompt": "Write a short story about a lighthouse k", "new_tokens": 128, "seconds": 5.86, "tok_per_s": 21.85}, {"prompt": "Summarize the main causes of the French ", "new_tokens": 128, "seconds": 4.29, "tok_per_s": 29.85}, {"prompt": "Write a Python function that reverses a ", "new_tokens": 128, "seconds": 3.57, "tok_per_s": 35.8}]}
/home/am/.local/lib/python3.14/site-packages/torch/cuda/__init__.py:65: FutureWarning: The pynvml package is deprecated. Please install nvidia-ml-py instead. If you did not install pynvml directly, please report this to the maintainers of the package that installed pynvml for you.
  import pynvml  # type: ignore[import]
/home/am/.local/lib/python3.14/site-packages/torch/cuda/__init__.py:65: FutureWarning: The pynvml package is deprecated. Please install nvidia-ml-py instead. If you did not install pynvml directly, please report this to the maintainers of the package that installed pynvml for you.
  import pynvml  # type: ignore[import]
/home/am/.local/lib/python3.14/site-packages/torch/cuda/__init__.py:65: FutureWarning: The pynvml package is deprecated. Please install nvidia-ml-py instead. If you did not install pynvml directly, please report this to the maintainers of the package that installed pynvml for you.
  import pynvml  # type: ignore[import]
=== row I done in 74.9s: 33.33 tok/s ===
[
  {
    "row": "A",
    "config": {
      "mcs": 295,
      "mct": 6,
      "mtp": true,
      "cq": 3,
      "ndt": null
    },
    "load_s": 29.1,
    "ttft_256tok_s": 5.314,
    "mean_tok_per_s": 25.72,
    "vram_used_gb": 24.29,
    "results": [
      {
        "prompt": "What is 17*23? Show the multiplication s",
        "new_tokens": 128,
        "seconds": 4.5,
        "tok_per_s": 28.46
      },
      {
        "prompt": "Explain in detail how a refrigerator wor",
        "new_tokens": 1,
        "seconds": 0.75,
        "tok_per_s": 1.34
      },
      {
        "prompt": "Write a short story about a lighthouse k",
        "new_tokens": 128,
        "seconds": 4.27,
        "tok_per_s": 29.99
      },
      {
        "prompt": "Summarize the main causes of the French ",
        "new_tokens": 128,
        "seconds": 5.23,
        "tok_per_s": 24.47
      },
      {
        "prompt": "Write a Python function that reverses a ",
        "new_tokens": 128,
        "seconds": 2.89,
        "tok_per_s": 44.32
      }
    ],
    "wall_s": 64.2
  },
  {
    "row": "B",
    "config": {
      "mcs": 320,
      "mct": 6,
      "mtp": true,
      "cq": 3,
      "ndt": null
    },
    "load_s": 34.5,
    "ttft_256tok_s": 1.886,
    "mean_tok_per_s": 38.62,
    "vram_used_gb": 22.4,
    "results": [
      {
        "prompt": "What is 17*23? Show the multiplication s",
        "new_tokens": 128,
        "seconds": 2.77,
        "tok_per_s": 46.26
      },
      {
        "prompt": "Explain in detail how a refrigerator wor",
        "new_tokens": 128,
        "seconds": 3.9,
        "tok_per_s": 32.8
      },
      {
        "prompt": "Write a short story about a lighthouse k",
        "new_tokens": 128,
        "seconds": 4.24,
        "tok_per_s": 30.21
      },
      {
        "prompt": "Summarize the main causes of the French ",
        "new_tokens": 128,
        "seconds": 3.03,
        "tok_per_s": 42.21
      },
      {
        "prompt": "Write a Python function that reverses a ",
        "new_tokens": 128,
        "seconds": 3.08,
        "tok_per_s": 41.6
      }
    ],
    "wall_s": 64.0
  },
  {
    "row": "E",
    "config": {
      "mcs": 320,
      "mct": 6,
      "mtp": false,
      "cq": 3,
      "ndt": null
    },
    "load_s": 38.8,
    "ttft_256tok_s": 2.369,
    "mean_tok_per_s": 27.75,
    "vram_used_gb": 21.27,
    "results": [
      {
        "prompt": "What is 17*23? Show the multiplication s",
        "new_tokens": 128,
        "seconds": 4.62,
        "tok_per_s": 27.7
      },
      {
        "prompt": "Explain in detail how a refrigerator wor",
        "new_tokens": 128,
        "seconds": 3.59,
        "tok_per_s": 35.62
      },
      {
        "prompt": "Write a short story about a lighthouse k",
        "new_tokens": 128,
        "seconds": 3.63,
        "tok_per_s": 35.3
      },
      {
        "prompt": "Summarize the main causes of the French ",
        "new_tokens": 128,
        "seconds": 11.59,
        "tok_per_s": 11.05
      },
      {
        "prompt": "Write a Python function that reverses a ",
        "new_tokens": 128,
        "seconds": 4.4,
        "tok_per_s": 29.06
      }
    ],
    "wall_s": 74.9
  },
  {
    "row": "C",
    "config": {
      "mcs": 320,
      "mct": 12,
      "mtp": true,
      "cq": 3,
      "ndt": null
    },
    "load_s": 35.6,
    "ttft_256tok_s": 3.533,
    "mean_tok_per_s": 19.19,
    "vram_used_gb": 22.4,
    "results": [
      {
        "prompt": "What is 17*23? Show the multiplication s",
        "new_tokens": 128,
        "seconds": 6.83,
        "tok_per_s": 18.75
      },
      {
        "prompt": "Explain in detail how a refrigerator wor",
        "new_tokens": 128,
        "seconds": 4.45,
        "tok_per_s": 28.78
      },
      {
        "prompt": "Write a short story about a lighthouse k",
        "new_tokens": 128,
        "seconds": 12.02,
        "tok_per_s": 10.65
      },
      {
        "prompt": "Summarize the main causes of the French ",
        "new_tokens": 128,
        "seconds": 5.21,
        "tok_per_s": 24.58
      },
      {
        "prompt": "Write a Python function that reverses a ",
        "new_tokens": 128,
        "seconds": 9.7,
        "tok_per_s": 13.2
      }
    ],
    "wall_s": 86.8
  },
  {
    "row": "D",
    "config": {
      "mcs": 360,
      "mct": 6,
      "mtp": true,
      "cq": 3,
      "ndt": null
    },
    "load_s": 42.9,
    "ttft_256tok_s": 2.193,
    "mean_tok_per_s": 30.71,
    "vram_used_gb": 19.49,
    "results": [
      {
        "prompt": "What is 17*23? Show the multiplication s",
        "new_tokens": 128,
        "seconds": 3.72,
        "tok_per_s": 34.4
      },
      {
        "prompt": "Explain in detail how a refrigerator wor",
        "new_tokens": 128,
        "seconds": 4.05,
        "tok_per_s": 31.58
      },
      {
        "prompt": "Write a short story about a lighthouse k",
        "new_tokens": 128,
        "seconds": 8.32,
        "tok_per_s": 15.38
      },
      {
        "prompt": "Summarize the main causes of the French ",
        "new_tokens": 128,
        "seconds": 3.53,
        "tok_per_s": 36.31
      },
      {
        "prompt": "Write a Python function that reverses a ",
        "new_tokens": 128,
        "seconds": 3.57,
        "tok_per_s": 35.9
      }
    ],
    "wall_s": 79.9
  },
  {
    "row": "F",
    "config": {
      "mcs": 320,
      "mct": 6,
      "mtp": true,
      "cq": 4,
      "ndt": null
    },
    "load_s": 37.5,
    "ttft_256tok_s": 4.261,
    "mean_tok_per_s": 30.35,
    "vram_used_gb": 22.41,
    "results": [
      {
        "prompt": "What is 17*23? Show the multiplication s",
        "new_tokens": 128,
        "seconds": 4.93,
        "tok_per_s": 25.98
      },
      {
        "prompt": "Explain in detail how a refrigerator wor",
        "new_tokens": 128,
        "seconds": 3.29,
        "tok_per_s": 38.86
      },
      {
        "prompt": "Write a short story about a lighthouse k",
        "new_tokens": 128,
        "seconds": 6.92,
        "tok_per_s": 18.49
      },
      {
        "prompt": "Summarize the main causes of the French ",
        "new_tokens": 128,
        "seconds": 4.28,
        "tok_per_s": 29.91
      },
      {
        "prompt": "Write a Python function that reverses a ",
        "new_tokens": 128,
        "seconds": 3.32,
        "tok_per_s": 38.53
      }
    ],
    "wall_s": 74.8
  },
  {
    "row": "G",
    "config": {
      "mcs": 320,
      "mct": 6,
      "mtp": true,
      "cq": 3,
      "ndt": 2
    },
    "load_s": 31.6,
    "ttft_256tok_s": 4.359,
    "mean_tok_per_s": 36.15,
    "vram_used_gb": 22.4,
    "results": [
      {
        "prompt": "What is 17*23? Show the multiplication s",
        "new_tokens": 128,
        "seconds": 2.64,
        "tok_per_s": 48.44
      },
      {
        "prompt": "Explain in detail how a refrigerator wor",
        "new_tokens": 128,
        "seconds": 4.03,
        "tok_per_s": 31.75
      },
      {
        "prompt": "Write a short story about a lighthouse k",
        "new_tokens": 128,
        "seconds": 3.76,
        "tok_per_s": 34.02
      },
      {
        "prompt": "Summarize the main causes of the French ",
        "new_tokens": 128,
        "seconds": 3.12,
        "tok_per_s": 41.0
      },
      {
        "prompt": "Write a Python function that reverses a ",
        "new_tokens": 128,
        "seconds": 5.01,
        "tok_per_s": 25.55
      }
    ],
    "wall_s": 64.7
  },
  {
    "row": "H",
    "config": {
      "mcs": 320,
      "mct": 6,
      "mtp": true,
      "cq": 3,
      "ndt": 3
    },
    "load_s": 34.7,
    "ttft_256tok_s": 1.929,
    "mean_tok_per_s": 35.6,
    "vram_used_gb": 22.4,
    "results": [
      {
        "prompt": "What is 17*23? Show the multiplication s",
        "new_tokens": 128,
        "seconds": 3.4,
        "tok_per_s": 37.62
      },
      {
        "prompt": "Explain in detail how a refrigerator wor",
        "new_tokens": 128,
        "seconds": 2.81,
        "tok_per_s": 45.52
      },
      {
        "prompt": "Write a short story about a lighthouse k",
        "new_tokens": 128,
        "seconds": 6.88,
        "tok_per_s": 18.6
      },
      {
        "prompt": "Summarize the main causes of the French ",
        "new_tokens": 128,
        "seconds": 3.28,
        "tok_per_s": 38.97
      },
      {
        "prompt": "Write a Python function that reverses a ",
        "new_tokens": 128,
        "seconds": 3.43,
        "tok_per_s": 37.29
      }
    ],
    "wall_s": 67.4
  },
  {
    "row": "I",
    "config": {
      "mcs": 320,
      "mct": 6,
      "mtp": true,
      "cq": 3,
      "ndt": null
    },
    "load_s": 41.5,
    "ttft_256tok_s": 1.649,
    "mean_tok_per_s": 33.33,
    "vram_used_gb": 22.45,
    "results": [
      {
        "prompt": "What is 17*23? Show the multiplication s",
        "new_tokens": 128,
        "seconds": 3.32,
        "tok_per_s": 38.58
      },
      {
        "prompt": "Explain in detail how a refrigerator wor",
        "new_tokens": 128,
        "seconds": 3.16,
        "tok_per_s": 40.56
      },
      {
        "prompt": "Write a short story about a lighthouse k",
        "new_tokens": 128,
        "seconds": 5.86,
        "tok_per_s": 21.85
      },
      {
        "prompt": "Summarize the main causes of the French ",
        "new_tokens": 128,
        "seconds": 4.29,
        "tok_per_s": 29.85
      },
      {
        "prompt": "Write a Python function that reverses a ",
        "new_tokens": 128,
        "seconds": 3.57,
        "tok_per_s": 35.8
      }
    ],
    "wall_s": 74.9
  }
]
sweep3-exit=0
